
> k-spirits-club-hub@1.0.0 build
> next build --no-lint

node.exe :  ??Linting is disabled.
위치 줄:1 문자:1
+ & "C:\Program Files\nodejs/node.exe" "C:\Program Files\
nodejs/node_mo ...
+ ~~~~~~~~~~~~~~~~~~~~~~~~~~~~~~~~~~~~~~~~~~~~~~~~~~~~~~~
~~~~~~~~~~~~~~
    + CategoryInfo          : NotSpecified: ( ??Linting  
   is disabled.:String) [], RemoteException
    + FullyQualifiedErrorId : NativeCommandError
 
   ??Next.js 15.1.4
   - Environments: .env.local, .env

   Creating an optimized production build ...
Failed to compile.

./app/api/new-arrivals/route.ts:2:1
Module not found: Can't resolve '@/lib/db/firestore-rest'
  1 | import { NextRequest, NextResponse } from 'next/ser
ver';
> 2 | import { newArrivalsDb } from '@/lib/db/firestore-r
est';
    | ^
  3 |
  4 | export const runtime = 'edge';
  5 |

https://nextjs.org/docs/messages/module-not-found

Import trace for requested module:
./node_modules/next/dist/build/webpack/loaders/next-edge-
app-route-loader/index.js?absolutePagePath=private-next-a
pp-dir%2Fapi%2Fnew-arrivals%2Froute.ts&page=%2Fapi%2Fnew-
arrivals%2Froute&appDirLoader=bmV4dC1hcHAtbG9hZGVyP25hbWU
9YXBwJTJGYXBpJTJGbmV3LWFycml2YWxzJTJGcm91dGUmcGFnZT0lMkZh
cGklMkZuZXctYXJyaXZhbHMlMkZyb3V0ZSZwYWdlUGF0aD1wcml2YXRlL
W5leHQtYXBwLWRpciUyRmFwaSUyRm5ldy1hcnJpdmFscyUyRnJvdXRlLn
RzJmFwcERpcj1DJTNBJTVDay1zcGlyaXRzLWNsdWItaHViJTVDYXBwJmF
wcFBhdGhzPSUyRmFwaSUyRm5ldy1hcnJpdmFscyUyRnJvdXRlJnBhZ2VF
eHRlbnNpb25zPXRzeCZwYWdlRXh0ZW5zaW9ucz10cyZwYWdlRXh0ZW5za
W9ucz1qc3gmcGFnZUV4dGVuc2lvbnM9anMmYmFzZVBhdGg9JmFzc2V0UH
JlZml4PSZuZXh0Q29uZmlnT3V0cHV0PSZwcmVmZXJyZWRSZWdpb249Jm1
pZGRsZXdhcmVDb25maWc9ZTMwJTNEIQ%3D%3D&nextConfig=eyJlbnYi
Ont9LCJlc2xpbnQiOnsiaWdub3JlRHVyaW5nQnVpbGRzIjp0cnVlfSwid
HlwZXNjcmlwdCI6eyJpZ25vcmVCdWlsZEVycm9ycyI6dHJ1ZSwidHNjb2
5maWdQYXRoIjoidHNjb25maWcuanNvbiJ9LCJkaXN0RGlyIjoiLm5leHQ
iLCJjbGVhbkRpc3REaXIiOnRydWUsImFzc2V0UHJlZml4IjoiIiwiY2Fj
aGVNYXhNZW1vcnlTaXplIjo1MjQyODgwMCwiY29uZmlnT3JpZ2luIjoib
mV4dC5jb25maWcuanMiLCJ1c2VGaWxlU3lzdGVtUHVibGljUm91dGVzIj
p0cnVlLCJnZW5lcmF0ZUV0YWdzIjp0cnVlLCJwYWdlRXh0ZW5zaW9ucyI
6WyJ0c3giLCJ0cyIsImpzeCIsImpzIl0sInBvd2VyZWRCeUhlYWRlciI6
dHJ1ZSwiY29tcHJlc3MiOnRydWUsImltYWdlcyI6eyJkZXZpY2VTaXplc
yI6WzY0MCw3NTAsODI4LDEwODAsMTIwMCwxOTIwLDIwNDgsMzg0MF0sIm
ltYWdlU2l6ZXMiOlsxNiwzMiw0OCw2NCw5NiwxMjgsMjU2LDM4NF0sInB
hdGgiOiIvX25leHQvaW1hZ2UiLCJsb2FkZXIiOiJkZWZhdWx0IiwibG9h
ZGVyRmlsZSI6IiIsImRvbWFpbnMiOltdLCJkaXNhYmxlU3RhdGljSW1hZ
2VzIjpmYWxzZSwibWluaW11bUNhY2hlVFRMIjo2MCwiZm9ybWF0cyI6Wy
JpbWFnZS93ZWJwIl0sImRhbmdlcm91c2x5QWxsb3dTVkciOmZhbHNlLCJ
jb250ZW50U2VjdXJpdHlQb2xpY3kiOiJzY3JpcHQtc3JjICdub25lJzsg
ZnJhbWUtc3JjICdub25lJzsgc2FuZGJveDsiLCJjb250ZW50RGlzcG9za
XRpb25UeXBlIjoiYXR0YWNobWVudCIsInJlbW90ZVBhdHRlcm5zIjpbey
Jwcm90b2NvbCI6Imh0dHBzIiwiaG9zdG5hbWUiOiIqKi5maXJlYmFzZWF
wcC5jb20ifSx7InByb3RvY29sIjoiaHR0cHMiLCJob3N0bmFtZSI6Iioq
Lmdvb2dsZWFwaXMuY29tIn0seyJwcm90b2NvbCI6Imh0dHBzIiwiaG9zd
G5hbWUiOiJ3c3J2Lm5sIn1dLCJ1bm9wdGltaXplZCI6ZmFsc2V9LCJkZX
ZJbmRpY2F0b3JzIjp7ImFwcElzclN0YXR1cyI6dHJ1ZSwiYnVpbGRBY3R
pdml0eSI6dHJ1ZSwiYnVpbGRBY3Rpdml0eVBvc2l0aW9uIjoiYm90dG9t
LXJpZ2h0In0sIm9uRGVtYW5kRW50cmllcyI6eyJtYXhJbmFjdGl2ZUFnZ
SI6NjAwMDAsInBhZ2VzQnVmZmVyTGVuZ3RoIjo1fSwiYW1wIjp7ImNhbm
9uaWNhbEJhc2UiOiIifSwiYmFzZVBhdGgiOiIiLCJzYXNzT3B0aW9ucyI
6e30sInRyYWlsaW5nU2xhc2giOmZhbHNlLCJpMThuIjpudWxsLCJwcm9k
dWN0aW9uQnJvd3NlclNvdXJjZU1hcHMiOmZhbHNlLCJleGNsdWRlRGVmY
XVsdE1vbWVudExvY2FsZXMiOnRydWUsInNlcnZlclJ1bnRpbWVDb25maW
ciOnt9LCJwdWJsaWNSdW50aW1lQ29uZmlnIjp7fSwicmVhY3RQcm9kdWN
0aW9uUHJvZmlsaW5nIjpmYWxzZSwicmVhY3RTdHJpY3RNb2RlIjpudWxs
LCJyZWFjdE1heEhlYWRlcnNMZW5ndGgiOjYwMDAsImh0dHBBZ2VudE9wd
GlvbnMiOnsia2VlcEFsaXZlIjp0cnVlfSwibG9nZ2luZyI6e30sImV4cG
lyZVRpbWUiOjMxNTM2MDAwLCJzdGF0aWNQYWdlR2VuZXJhdGlvblRpbWV
vdXQiOjYwLCJtb2R1bGFyaXplSW1wb3J0cyI6eyJAbXVpL2ljb25zLW1h
dGVyaWFsIjp7InRyYW5zZm9ybSI6IkBtdWkvaWNvbnMtbWF0ZXJpYWwve
3ttZW1iZXJ9fSJ9LCJsb2Rhc2giOnsidHJhbnNmb3JtIjoibG9kYXNoL3
t7bWVtYmVyfX0ifX0sIm91dHB1dEZpbGVUcmFjaW5nUm9vdCI6IkM6XFx
rLXNwaXJpdHMtY2x1Yi1odWIiLCJleHBlcmltZW50YWwiOnsiY2FjaGVM
aWZlIjp7ImRlZmF1bHQiOnsic3RhbGUiOjMwMCwicmV2YWxpZGF0ZSI6O
TAwLCJleHBpcmUiOjQyOTQ5NjcyOTR9LCJzZWNvbmRzIjp7InN0YWxlIj
owLCJyZXZhbGlkYXRlIjoxLCJleHBpcmUiOjYwfSwibWludXRlcyI6eyJ
zdGFsZSI6MzAwLCJyZXZhbGlkYXRlIjo2MCwiZXhwaXJlIjozNjAwfSwi
aG91cnMiOnsic3RhbGUiOjMwMCwicmV2YWxpZGF0ZSI6MzYwMCwiZXhwa
XJlIjo4NjQwMH0sImRheXMiOnsic3RhbGUiOjMwMCwicmV2YWxpZGF0ZS
I6ODY0MDAsImV4cGlyZSI6NjA0ODAwfSwid2Vla3MiOnsic3RhbGUiOjM
wMCwicmV2YWxpZGF0ZSI6NjA0ODAwLCJleHBpcmUiOjI1OTIwMDB9LCJt
YXgiOnsic3RhbGUiOjMwMCwicmV2YWxpZGF0ZSI6MjU5MjAwMCwiZXhwa
XJlIjo0Mjk0OTY3Mjk0fX0sImNhY2hlSGFuZGxlcnMiOnt9LCJjc3NDaH
Vua2luZyI6dHJ1ZSwibXVsdGlab25lRHJhZnRNb2RlIjpmYWxzZSwiYXB
wTmF2RmFpbEhhbmRsaW5nIjpmYWxzZSwicHJlcmVuZGVyRWFybHlFeGl0
Ijp0cnVlLCJzZXJ2ZXJNaW5pZmljYXRpb24iOnRydWUsInNlcnZlclNvd
XJjZU1hcHMiOmZhbHNlLCJsaW5rTm9Ub3VjaFN0YXJ0IjpmYWxzZSwiY2
FzZVNlbnNpdGl2ZVJvdXRlcyI6ZmFsc2UsImNsaWVudFNlZ21lbnRDYWN
oZSI6ZmFsc2UsInByZWxvYWRFbnRyaWVzT25TdGFydCI6dHJ1ZSwiY2xp
ZW50Um91dGVyRmlsdGVyIjp0cnVlLCJjbGllbnRSb3V0ZXJGaWx0ZXJSZ
WRpcmVjdHMiOmZhbHNlLCJmZXRjaENhY2hlS2V5UHJlZml4IjoiIiwibW
lkZGxld2FyZVByZWZldGNoIjoiZmxleGlibGUiLCJvcHRpbWlzdGljQ2x
pZW50Q2FjaGUiOnRydWUsIm1hbnVhbENsaWVudEJhc2VQYXRoIjpmYWxz
ZSwiY3B1cyI6MTEsIm1lbW9yeUJhc2VkV29ya2Vyc0NvdW50IjpmYWxzZ
SwiaW1nT3B0Q29uY3VycmVuY3kiOm51bGwsImltZ09wdFRpbWVvdXRJbl
NlY29uZHMiOjcsImltZ09wdE1heElucHV0UGl4ZWxzIjoyNjg0MDI2ODk
sImltZ09wdFNlcXVlbnRpYWxSZWFkIjpudWxsLCJpc3JGbHVzaFRvRGlz
ayI6dHJ1ZSwid29ya2VyVGhyZWFkcyI6ZmFsc2UsIm9wdGltaXplQ3NzI
jpmYWxzZSwibmV4dFNjcmlwdFdvcmtlcnMiOmZhbHNlLCJzY3JvbGxSZX
N0b3JhdGlvbiI6ZmFsc2UsImV4dGVybmFsRGlyIjpmYWxzZSwiZGlzYWJ
sZU9wdGltaXplZExvYWRpbmciOmZhbHNlLCJnemlwU2l6ZSI6dHJ1ZSwi
Y3JhQ29tcGF0IjpmYWxzZSwiZXNtRXh0ZXJuYWxzIjp0cnVlLCJmdWxse
VNwZWNpZmllZCI6ZmFsc2UsInN3Y1RyYWNlUHJvZmlsaW5nIjpmYWxzZS
wiZm9yY2VTd2NUcmFuc2Zvcm1zIjpmYWxzZSwibGFyZ2VQYWdlRGF0YUJ
5dGVzIjoxMjgwMDAsInR1cmJvIjp7InJvb3QiOiJDOlxcay1zcGlyaXRz
LWNsdWItaHViIn0sInR5cGVkUm91dGVzIjpmYWxzZSwidHlwZWRFbnYiO
mZhbHNlLCJwYXJhbGxlbFNlcnZlckNvbXBpbGVzIjpmYWxzZSwicGFyYW
xsZWxTZXJ2ZXJCdWlsZFRyYWNlcyI6ZmFsc2UsInBwciI6ZmFsc2UsImF
1dGhJbnRlcnJ1cHRzIjpmYWxzZSwicmVhY3RPd25lclN0YWNrIjpmYWxz
ZSwid2VicGFja01lbW9yeU9wdGltaXphdGlvbnMiOmZhbHNlLCJvcHRpb
Wl6ZVNlcnZlclJlYWN0Ijp0cnVlLCJ1c2VFYXJseUltcG9ydCI6ZmFsc2
UsInN0YWxlVGltZXMiOnsiZHluYW1pYyI6MCwic3RhdGljIjozMDB9LCJ
zZXJ2ZXJDb21wb25lbnRzSG1yQ2FjaGUiOnRydWUsInN0YXRpY0dlbmVy
YXRpb25NYXhDb25jdXJyZW5jeSI6OCwic3RhdGljR2VuZXJhdGlvbk1pb
lBhZ2VzUGVyV29ya2VyIjoyNSwiZHluYW1pY0lPIjpmYWxzZSwiaW5saW
5lQ3NzIjpmYWxzZSwib3B0aW1pemVQYWNrYWdlSW1wb3J0cyI6WyJAL2x
pYi9jb25zdGFudHMiLCJsdWNpZGUtcmVhY3QiLCJkYXRlLWZucyIsImxv
ZGFzaC1lcyIsInJhbWRhIiwiYW50ZCIsInJlYWN0LWJvb3RzdHJhcCIsI
mFob29rcyIsIkBhbnQtZGVzaWduL2ljb25zIiwiQGhlYWRsZXNzdWkvcm
VhY3QiLCJAaGVhZGxlc3N1aS1mbG9hdC9yZWFjdCIsIkBoZXJvaWNvbnM
vcmVhY3QvMjAvc29saWQiLCJAaGVyb2ljb25zL3JlYWN0LzI0L3NvbGlk
IiwiQGhlcm9pY29ucy9yZWFjdC8yNC9vdXRsaW5lIiwiQHZpc3gvdmlze
CIsIkB0cmVtb3IvcmVhY3QiLCJyeGpzIiwiQG11aS9tYXRlcmlhbCIsIk
BtdWkvaWNvbnMtbWF0ZXJpYWwiLCJyZWNoYXJ0cyIsInJlYWN0LXVzZSI
sImVmZmVjdCIsIkBlZmZlY3Qvc2NoZW1hIiwiQGVmZmVjdC9wbGF0Zm9y
bSIsIkBlZmZlY3QvcGxhdGZvcm0tbm9kZSIsIkBlZmZlY3QvcGxhdGZvc
m0tYnJvd3NlciIsIkBlZmZlY3QvcGxhdGZvcm0tYnVuIiwiQGVmZmVjdC
9zcWwiLCJAZWZmZWN0L3NxbC1tc3NxbCIsIkBlZmZlY3Qvc3FsLW15c3F
sMiIsIkBlZmZlY3Qvc3FsLXBnIiwiQGVmZmVjdC9zcWwtc3F1bGl0ZS1u
b2RlIiwiQGVmZmVjdC9zcWwtc3F1bGl0ZS1idW4iLCJAZWZmZWN0L3Nxb
C1zcXVsaXRlLXdhc20iLCJAZWZmZWN0L3NxbC1zcXVsaXRlLXJlYWN0LW
5hdGl2ZSIsIkBlZmZlY3QvcnBjIiwiQGVmZmVjdC9ycGMtaHR0cCIsIkB
lZmZlY3QvdHlwZWNsYXNzIiwiQGVmZmVjdC9leHBlcmltZW50YWwiLCJA
ZWZmZWN0L29wZW50ZWxlbWV0cnkiLCJAbWF0ZXJpYWwtdWkvY29yZSIsI
kBtYXRlcmlhbC11aS9pY29ucyIsIkB0YWJsZXIvaWNvbnMtcmVhY3QiLC
JtdWktY29yZSIsInJlYWN0LWljb25zL2FpIiwicmVhY3QtaWNvbnMvYmk
iLCJyZWFjdC1pY29ucy9icyIsInJlYWN0LWljb25zL2NnIiwicmVhY3Qt
aWNvbnMvY2kiLCJyZWFjdC1pY29ucy9kaSIsInJlYWN0LWljb25zL2ZhI
iwicmVhY3QtaWNvbnMvZmE2IiwicmVhY3QtaWNvbnMvZmMiLCJyZWFjdC
1pY29ucy9maSIsInJlYWN0LWljb25zL2dpIiwicmVhY3QtaWNvbnMvZ28
iLCJyZWFjdC1pY29ucy9nciIsInJlYWN0LWljb25zL2hpIiwicmVhY3Qt
aWNvbnMvaGkyIiwicmVhY3QtaWNvbnMvaW0iLCJyZWFjdC1pY29ucy9pb
yIsInJlYWN0LWljb25zL2lvNSIsInJlYWN0LWljb25zL2xpYSIsInJlYW
N0LWljb25zL2xpYiIsInJlYWN0LWljb25zL2x1IiwicmVhY3QtaWNvbnM
vbWQiLCJyZWFjdC1pY29ucy9waSIsInJlYWN0LWljb25zL3JpIiwicmVh
Y3QtaWNvbnMvcngiLCJyZWFjdC1pY29ucy9zaSIsInJlYWN0LWljb25zL
3NsIiwicmVhY3QtaWNvbnMvdGIiLCJyZWFjdC1pY29ucy90ZmkiLCJyZW
FjdC1pY29ucy90aSIsInJlYWN0LWljb25zL3ZzYyIsInJlYWN0LWljb25
zL3dpIl19LCJidW5kbGVQYWdlc1JvdXRlckRlcGVuZGVuY2llcyI6ZmFs
c2UsImNvbmZpZ0ZpbGUiOiJDOlxcay1zcGlyaXRzLWNsdWItaHViXFxuZ
Xh0LmNvbmZpZy5qcyIsImNvbmZpZ0ZpbGVOYW1lIjoibmV4dC5jb25maW
cuanMiLCJfb3JpZ2luYWxSZWRpcmVjdHMiOlt7InNvdXJjZSI6Ii9leHB
sb3JlIiwiZGVzdGluYXRpb24iOiIva28vZXhwbG9yZSIsInBlcm1hbmVu
dCI6dHJ1ZX0seyJzb3VyY2UiOiIvc3Bpcml0cy86cGF0aCoiLCJkZXN0a
W5hdGlvbiI6Ii9rby9zcGlyaXRzLzpwYXRoKiIsInBlcm1hbmVudCI6dH
J1ZX0seyJzb3VyY2UiOiIvbWUvOnBhdGgqIiwiZGVzdGluYXRpb24iOiI
va28vbWUvOnBhdGgqIiwicGVybWFuZW50Ijp0cnVlfSx7InNvdXJjZSI6
Ii9jYWJpbmV0IiwiZGVzdGluYXRpb24iOiIva28vY2FiaW5ldCIsInBlc
m1hbmVudCI6dHJ1ZX0seyJzb3VyY2UiOiIvY29udGVudHMvOnBhdGgqIi
wiZGVzdGluYXRpb24iOiIva28vY29udGVudHMvOnBhdGgqIiwicGVybWF
uZW50Ijp0cnVlfSx7InNvdXJjZSI6Ii9yZXZpZXdzIiwiZGVzdGluYXRp
b24iOiIva28vY29udGVudHMvcmV2aWV3cyIsInBlcm1hbmVudCI6dHJ1Z
X0seyJzb3VyY2UiOiIvd29ybGRjdXAiLCJkZXN0aW5hdGlvbiI6Ii9rby
9jb250ZW50cy93b3JsZGN1cCIsInBlcm1hbmVudCI6dHJ1ZX0seyJzb3V
yY2UiOiIvcGVyZmVjdC1wb3VyIiwiZGVzdGluYXRpb24iOiIva28vY29u
dGVudHMvcGVyZmVjdC1wb3VyIiwicGVybWFuZW50Ijp0cnVlfV19&pref
erredRegion=&middlewareConfig=e30%3D!

./app/api/reviews/like/route.ts:2:1
Module not found: Can't resolve '@/lib/db/firestore-rest'
  1 | import { NextRequest, NextResponse } from 'next/ser
ver';
> 2 | import { reviewsDb } from '@/lib/db/firestore-rest'
;
    | ^
  3 |
  4 | export const runtime = 'edge';
  5 |

https://nextjs.org/docs/messages/module-not-found

Import trace for requested module:
./node_modules/next/dist/build/webpack/loaders/next-edge-
app-route-loader/index.js?absolutePagePath=private-next-a
pp-dir%2Fapi%2Freviews%2Flike%2Froute.ts&page=%2Fapi%2Fre
views%2Flike%2Froute&appDirLoader=bmV4dC1hcHAtbG9hZGVyP25
hbWU9YXBwJTJGYXBpJTJGcmV2aWV3cyUyRmxpa2UlMkZyb3V0ZSZwYWdl
PSUyRmFwaSUyRnJldmlld3MlMkZsaWtlJTJGcm91dGUmcGFnZVBhdGg9c
HJpdmF0ZS1uZXh0LWFwcC1kaXIlMkZhcGklMkZyZXZpZXdzJTJGbGlrZS
UyRnJvdXRlLnRzJmFwcERpcj1DJTNBJTVDay1zcGlyaXRzLWNsdWItaHV
iJTVDYXBwJmFwcFBhdGhzPSUyRmFwaSUyRnJldmlld3MlMkZsaWtlJTJG
cm91dGUmcGFnZUV4dGVuc2lvbnM9dHN4JnBhZ2VFeHRlbnNpb25zPXRzJ
nBhZ2VFeHRlbnNpb25zPWpzeCZwYWdlRXh0ZW5zaW9ucz1qcyZiYXNlUG
F0aD0mYXNzZXRQcmVmaXg9Jm5leHRDb25maWdPdXRwdXQ9JnByZWZlcnJ
lZFJlZ2lvbj0mbWlkZGxld2FyZUNvbmZpZz1lMzAlM0Qh&nextConfig=
eyJlbnYiOnt9LCJlc2xpbnQiOnsiaWdub3JlRHVyaW5nQnVpbGRzIjp0c
nVlfSwidHlwZXNjcmlwdCI6eyJpZ25vcmVCdWlsZEVycm9ycyI6dHJ1ZS
widHNjb25maWdQYXRoIjoidHNjb25maWcuanNvbiJ9LCJkaXN0RGlyIjo
iLm5leHQiLCJjbGVhbkRpc3REaXIiOnRydWUsImFzc2V0UHJlZml4Ijoi
IiwiY2FjaGVNYXhNZW1vcnlTaXplIjo1MjQyODgwMCwiY29uZmlnT3JpZ
2luIjoibmV4dC5jb25maWcuanMiLCJ1c2VGaWxlU3lzdGVtUHVibGljUm
91dGVzIjp0cnVlLCJnZW5lcmF0ZUV0YWdzIjp0cnVlLCJwYWdlRXh0ZW5
zaW9ucyI6WyJ0c3giLCJ0cyIsImpzeCIsImpzIl0sInBvd2VyZWRCeUhl
YWRlciI6dHJ1ZSwiY29tcHJlc3MiOnRydWUsImltYWdlcyI6eyJkZXZpY
2VTaXplcyI6WzY0MCw3NTAsODI4LDEwODAsMTIwMCwxOTIwLDIwNDgsMz
g0MF0sImltYWdlU2l6ZXMiOlsxNiwzMiw0OCw2NCw5NiwxMjgsMjU2LDM
4NF0sInBhdGgiOiIvX25leHQvaW1hZ2UiLCJsb2FkZXIiOiJkZWZhdWx0
IiwibG9hZGVyRmlsZSI6IiIsImRvbWFpbnMiOltdLCJkaXNhYmxlU3Rhd
GljSW1hZ2VzIjpmYWxzZSwibWluaW11bUNhY2hlVFRMIjo2MCwiZm9ybW
F0cyI6WyJpbWFnZS93ZWJwIl0sImRhbmdlcm91c2x5QWxsb3dTVkciOmZ
hbHNlLCJjb250ZW50U2VjdXJpdHlQb2xpY3kiOiJzY3JpcHQtc3JjICdu
b25lJzsgZnJhbWUtc3JjICdub25lJzsgc2FuZGJveDsiLCJjb250ZW50R
GlzcG9zaXRpb25UeXBlIjoiYXR0YWNobWVudCIsInJlbW90ZVBhdHRlcm
5zIjpbeyJwcm90b2NvbCI6Imh0dHBzIiwiaG9zdG5hbWUiOiIqKi5maXJ
lYmFzZWFwcC5jb20ifSx7InByb3RvY29sIjoiaHR0cHMiLCJob3N0bmFt
ZSI6IioqLmdvb2dsZWFwaXMuY29tIn0seyJwcm90b2NvbCI6Imh0dHBzI
iwiaG9zdG5hbWUiOiJ3c3J2Lm5sIn1dLCJ1bm9wdGltaXplZCI6ZmFsc2
V9LCJkZXZJbmRpY2F0b3JzIjp7ImFwcElzclN0YXR1cyI6dHJ1ZSwiYnV
pbGRBY3Rpdml0eSI6dHJ1ZSwiYnVpbGRBY3Rpdml0eVBvc2l0aW9uIjoi
Ym90dG9tLXJpZ2h0In0sIm9uRGVtYW5kRW50cmllcyI6eyJtYXhJbmFjd
Gl2ZUFnZSI6NjAwMDAsInBhZ2VzQnVmZmVyTGVuZ3RoIjo1fSwiYW1wIj
p7ImNhbm9uaWNhbEJhc2UiOiIifSwiYmFzZVBhdGgiOiIiLCJzYXNzT3B
0aW9ucyI6e30sInRyYWlsaW5nU2xhc2giOmZhbHNlLCJpMThuIjpudWxs
LCJwcm9kdWN0aW9uQnJvd3NlclNvdXJjZU1hcHMiOmZhbHNlLCJleGNsd
WRlRGVmYXVsdE1vbWVudExvY2FsZXMiOnRydWUsInNlcnZlclJ1bnRpbW
VDb25maWciOnt9LCJwdWJsaWNSdW50aW1lQ29uZmlnIjp7fSwicmVhY3R
Qcm9kdWN0aW9uUHJvZmlsaW5nIjpmYWxzZSwicmVhY3RTdHJpY3RNb2Rl
IjpudWxsLCJyZWFjdE1heEhlYWRlcnNMZW5ndGgiOjYwMDAsImh0dHBBZ
2VudE9wdGlvbnMiOnsia2VlcEFsaXZlIjp0cnVlfSwibG9nZ2luZyI6e3
0sImV4cGlyZVRpbWUiOjMxNTM2MDAwLCJzdGF0aWNQYWdlR2VuZXJhdGl
vblRpbWVvdXQiOjYwLCJtb2R1bGFyaXplSW1wb3J0cyI6eyJAbXVpL2lj
b25zLW1hdGVyaWFsIjp7InRyYW5zZm9ybSI6IkBtdWkvaWNvbnMtbWF0Z
XJpYWwve3ttZW1iZXJ9fSJ9LCJsb2Rhc2giOnsidHJhbnNmb3JtIjoibG
9kYXNoL3t7bWVtYmVyfX0ifX0sIm91dHB1dEZpbGVUcmFjaW5nUm9vdCI
6IkM6XFxrLXNwaXJpdHMtY2x1Yi1odWIiLCJleHBlcmltZW50YWwiOnsi
Y2FjaGVMaWZlIjp7ImRlZmF1bHQiOnsic3RhbGUiOjMwMCwicmV2YWxpZ
GF0ZSI6OTAwLCJleHBpcmUiOjQyOTQ5NjcyOTR9LCJzZWNvbmRzIjp7In
N0YWxlIjowLCJyZXZhbGlkYXRlIjoxLCJleHBpcmUiOjYwfSwibWludXR
lcyI6eyJzdGFsZSI6MzAwLCJyZXZhbGlkYXRlIjo2MCwiZXhwaXJlIjoz
NjAwfSwiaG91cnMiOnsic3RhbGUiOjMwMCwicmV2YWxpZGF0ZSI6MzYwM
CwiZXhwaXJlIjo4NjQwMH0sImRheXMiOnsic3RhbGUiOjMwMCwicmV2YW
xpZGF0ZSI6ODY0MDAsImV4cGlyZSI6NjA0ODAwfSwid2Vla3MiOnsic3R
hbGUiOjMwMCwicmV2YWxpZGF0ZSI6NjA0ODAwLCJleHBpcmUiOjI1OTIw
MDB9LCJtYXgiOnsic3RhbGUiOjMwMCwicmV2YWxpZGF0ZSI6MjU5MjAwM
CwiZXhwaXJlIjo0Mjk0OTY3Mjk0fX0sImNhY2hlSGFuZGxlcnMiOnt9LC
Jjc3NDaHVua2luZyI6dHJ1ZSwibXVsdGlab25lRHJhZnRNb2RlIjpmYWx
zZSwiYXBwTmF2RmFpbEhhbmRsaW5nIjpmYWxzZSwicHJlcmVuZGVyRWFy
bHlFeGl0Ijp0cnVlLCJzZXJ2ZXJNaW5pZmljYXRpb24iOnRydWUsInNlc
nZlclNvdXJjZU1hcHMiOmZhbHNlLCJsaW5rTm9Ub3VjaFN0YXJ0IjpmYW
xzZSwiY2FzZVNlbnNpdGl2ZVJvdXRlcyI6ZmFsc2UsImNsaWVudFNlZ21
lbnRDYWNoZSI6ZmFsc2UsInByZWxvYWRFbnRyaWVzT25TdGFydCI6dHJ1
ZSwiY2xpZW50Um91dGVyRmlsdGVyIjp0cnVlLCJjbGllbnRSb3V0ZXJGa
Wx0ZXJSZWRpcmVjdHMiOmZhbHNlLCJmZXRjaENhY2hlS2V5UHJlZml4Ij
oiIiwibWlkZGxld2FyZVByZWZldGNoIjoiZmxleGlibGUiLCJvcHRpbWl
zdGljQ2xpZW50Q2FjaGUiOnRydWUsIm1hbnVhbENsaWVudEJhc2VQYXRo
IjpmYWxzZSwiY3B1cyI6MTEsIm1lbW9yeUJhc2VkV29ya2Vyc0NvdW50I
jpmYWxzZSwiaW1nT3B0Q29uY3VycmVuY3kiOm51bGwsImltZ09wdFRpbW
VvdXRJblNlY29uZHMiOjcsImltZ09wdE1heElucHV0UGl4ZWxzIjoyNjg
0MDI2ODksImltZ09wdFNlcXVlbnRpYWxSZWFkIjpudWxsLCJpc3JGbHVz
aFRvRGlzayI6dHJ1ZSwid29ya2VyVGhyZWFkcyI6ZmFsc2UsIm9wdGlta
XplQ3NzIjpmYWxzZSwibmV4dFNjcmlwdFdvcmtlcnMiOmZhbHNlLCJzY3
JvbGxSZXN0b3JhdGlvbiI6ZmFsc2UsImV4dGVybmFsRGlyIjpmYWxzZSw
iZGlzYWJsZU9wdGltaXplZExvYWRpbmciOmZhbHNlLCJnemlwU2l6ZSI6
dHJ1ZSwiY3JhQ29tcGF0IjpmYWxzZSwiZXNtRXh0ZXJuYWxzIjp0cnVlL
CJmdWxseVNwZWNpZmllZCI6ZmFsc2UsInN3Y1RyYWNlUHJvZmlsaW5nIj
pmYWxzZSwiZm9yY2VTd2NUcmFuc2Zvcm1zIjpmYWxzZSwibGFyZ2VQYWd
lRGF0YUJ5dGVzIjoxMjgwMDAsInR1cmJvIjp7InJvb3QiOiJDOlxcay1z
cGlyaXRzLWNsdWItaHViIn0sInR5cGVkUm91dGVzIjpmYWxzZSwidHlwZ
WRFbnYiOmZhbHNlLCJwYXJhbGxlbFNlcnZlckNvbXBpbGVzIjpmYWxzZS
wicGFyYWxsZWxTZXJ2ZXJCdWlsZFRyYWNlcyI6ZmFsc2UsInBwciI6ZmF
sc2UsImF1dGhJbnRlcnJ1cHRzIjpmYWxzZSwicmVhY3RPd25lclN0YWNr
IjpmYWxzZSwid2VicGFja01lbW9yeU9wdGltaXphdGlvbnMiOmZhbHNlL
CJvcHRpbWl6ZVNlcnZlclJlYWN0Ijp0cnVlLCJ1c2VFYXJseUltcG9ydC
I6ZmFsc2UsInN0YWxlVGltZXMiOnsiZHluYW1pYyI6MCwic3RhdGljIjo
zMDB9LCJzZXJ2ZXJDb21wb25lbnRzSG1yQ2FjaGUiOnRydWUsInN0YXRp
Y0dlbmVyYXRpb25NYXhDb25jdXJyZW5jeSI6OCwic3RhdGljR2VuZXJhd
Glvbk1pblBhZ2VzUGVyV29ya2VyIjoyNSwiZHluYW1pY0lPIjpmYWxzZS
wiaW5saW5lQ3NzIjpmYWxzZSwib3B0aW1pemVQYWNrYWdlSW1wb3J0cyI
6WyJAL2xpYi9jb25zdGFudHMiLCJsdWNpZGUtcmVhY3QiLCJkYXRlLWZu
cyIsImxvZGFzaC1lcyIsInJhbWRhIiwiYW50ZCIsInJlYWN0LWJvb3Rzd
HJhcCIsImFob29rcyIsIkBhbnQtZGVzaWduL2ljb25zIiwiQGhlYWRsZX
NzdWkvcmVhY3QiLCJAaGVhZGxlc3N1aS1mbG9hdC9yZWFjdCIsIkBoZXJ
vaWNvbnMvcmVhY3QvMjAvc29saWQiLCJAaGVyb2ljb25zL3JlYWN0LzI0
L3NvbGlkIiwiQGhlcm9pY29ucy9yZWFjdC8yNC9vdXRsaW5lIiwiQHZpc
3gvdmlzeCIsIkB0cmVtb3IvcmVhY3QiLCJyeGpzIiwiQG11aS9tYXRlcm
lhbCIsIkBtdWkvaWNvbnMtbWF0ZXJpYWwiLCJyZWNoYXJ0cyIsInJlYWN
0LXVzZSIsImVmZmVjdCIsIkBlZmZlY3Qvc2NoZW1hIiwiQGVmZmVjdC9w
bGF0Zm9ybSIsIkBlZmZlY3QvcGxhdGZvcm0tbm9kZSIsIkBlZmZlY3Qvc
GxhdGZvcm0tYnJvd3NlciIsIkBlZmZlY3QvcGxhdGZvcm0tYnVuIiwiQG
VmZmVjdC9zcWwiLCJAZWZmZWN0L3NxbC1tc3NxbCIsIkBlZmZlY3Qvc3F
sLW15c3FsMiIsIkBlZmZlY3Qvc3FsLXBnIiwiQGVmZmVjdC9zcWwtc3F1
bGl0ZS1ub2RlIiwiQGVmZmVjdC9zcWwtc3F1bGl0ZS1idW4iLCJAZWZmZ
WN0L3NxbC1zcXVsaXRlLXdhc20iLCJAZWZmZWN0L3NxbC1zcXVsaXRlLX
JlYWN0LW5hdGl2ZSIsIkBlZmZlY3QvcnBjIiwiQGVmZmVjdC9ycGMtaHR
0cCIsIkBlZmZlY3QvdHlwZWNsYXNzIiwiQGVmZmVjdC9leHBlcmltZW50
YWwiLCJAZWZmZWN0L29wZW50ZWxlbWV0cnkiLCJAbWF0ZXJpYWwtdWkvY
29yZSIsIkBtYXRlcmlhbC11aS9pY29ucyIsIkB0YWJsZXIvaWNvbnMtcm
VhY3QiLCJtdWktY29yZSIsInJlYWN0LWljb25zL2FpIiwicmVhY3QtaWN
vbnMvYmkiLCJyZWFjdC1pY29ucy9icyIsInJlYWN0LWljb25zL2NnIiwi
cmVhY3QtaWNvbnMvY2kiLCJyZWFjdC1pY29ucy9kaSIsInJlYWN0LWljb
25zL2ZhIiwicmVhY3QtaWNvbnMvZmE2IiwicmVhY3QtaWNvbnMvZmMiLC
JyZWFjdC1pY29ucy9maSIsInJlYWN0LWljb25zL2dpIiwicmVhY3QtaWN
vbnMvZ28iLCJyZWFjdC1pY29ucy9nciIsInJlYWN0LWljb25zL2hpIiwi
cmVhY3QtaWNvbnMvaGkyIiwicmVhY3QtaWNvbnMvaW0iLCJyZWFjdC1pY
29ucy9pbyIsInJlYWN0LWljb25zL2lvNSIsInJlYWN0LWljb25zL2xpYS
IsInJlYWN0LWljb25zL2xpYiIsInJlYWN0LWljb25zL2x1IiwicmVhY3Q
taWNvbnMvbWQiLCJyZWFjdC1pY29ucy9waSIsInJlYWN0LWljb25zL3Jp
IiwicmVhY3QtaWNvbnMvcngiLCJyZWFjdC1pY29ucy9zaSIsInJlYWN0L
Wljb25zL3NsIiwicmVhY3QtaWNvbnMvdGIiLCJyZWFjdC1pY29ucy90Zm
kiLCJyZWFjdC1pY29ucy90aSIsInJlYWN0LWljb25zL3ZzYyIsInJlYWN
0LWljb25zL3dpIl19LCJidW5kbGVQYWdlc1JvdXRlckRlcGVuZGVuY2ll
cyI6ZmFsc2UsImNvbmZpZ0ZpbGUiOiJDOlxcay1zcGlyaXRzLWNsdWIta
HViXFxuZXh0LmNvbmZpZy5qcyIsImNvbmZpZ0ZpbGVOYW1lIjoibmV4dC
5jb25maWcuanMiLCJfb3JpZ2luYWxSZWRpcmVjdHMiOlt7InNvdXJjZSI
6Ii9leHBsb3JlIiwiZGVzdGluYXRpb24iOiIva28vZXhwbG9yZSIsInBl
cm1hbmVudCI6dHJ1ZX0seyJzb3VyY2UiOiIvc3Bpcml0cy86cGF0aCoiL
CJkZXN0aW5hdGlvbiI6Ii9rby9zcGlyaXRzLzpwYXRoKiIsInBlcm1hbm
VudCI6dHJ1ZX0seyJzb3VyY2UiOiIvbWUvOnBhdGgqIiwiZGVzdGluYXR
pb24iOiIva28vbWUvOnBhdGgqIiwicGVybWFuZW50Ijp0cnVlfSx7InNv
dXJjZSI6Ii9jYWJpbmV0IiwiZGVzdGluYXRpb24iOiIva28vY2FiaW5ld
CIsInBlcm1hbmVudCI6dHJ1ZX0seyJzb3VyY2UiOiIvY29udGVudHMvOn
BhdGgqIiwiZGVzdGluYXRpb24iOiIva28vY29udGVudHMvOnBhdGgqIiw
icGVybWFuZW50Ijp0cnVlfSx7InNvdXJjZSI6Ii9yZXZpZXdzIiwiZGVz
dGluYXRpb24iOiIva28vY29udGVudHMvcmV2aWV3cyIsInBlcm1hbmVud
CI6dHJ1ZX0seyJzb3VyY2UiOiIvd29ybGRjdXAiLCJkZXN0aW5hdGlvbi
I6Ii9rby9jb250ZW50cy93b3JsZGN1cCIsInBlcm1hbmVudCI6dHJ1ZX0
seyJzb3VyY2UiOiIvcGVyZmVjdC1wb3VyIiwiZGVzdGluYXRpb24iOiIv
a28vY29udGVudHMvcGVyZmVjdC1wb3VyIiwicGVybWFuZW50Ijp0cnVlf
V19&preferredRegion=&middlewareConfig=e30%3D!

./app/api/spirits/route.ts:2:1
Module not found: Can't resolve '@/lib/db/firestore-rest'
  1 | import { NextRequest, NextResponse } from 'next/ser
ver';
> 2 | import { spiritsDb } from '@/lib/db/firestore-rest'
;
    | ^
  3 | import { Spirit, SpiritSearchIndex } from '@/lib/db
/schema';
  4 |
  5 | // Edge runtime for Cloudflare Pages compatibility

https://nextjs.org/docs/messages/module-not-found

Import trace for requested module:
./node_modules/next/dist/build/webpack/loaders/next-edge-
app-route-loader/index.js?absolutePagePath=private-next-a
pp-dir%2Fapi%2Fspirits%2Froute.ts&page=%2Fapi%2Fspirits%2
Froute&appDirLoader=bmV4dC1hcHAtbG9hZGVyP25hbWU9YXBwJTJGY
XBpJTJGc3Bpcml0cyUyRnJvdXRlJnBhZ2U9JTJGYXBpJTJGc3Bpcml0cy
UyRnJvdXRlJnBhZ2VQYXRoPXByaXZhdGUtbmV4dC1hcHAtZGlyJTJGYXB
pJTJGc3Bpcml0cyUyRnJvdXRlLnRzJmFwcERpcj1DJTNBJTVDay1zcGly
aXRzLWNsdWItaHViJTVDYXBwJmFwcFBhdGhzPSUyRmFwaSUyRnNwaXJpd
HMlMkZyb3V0ZSZwYWdlRXh0ZW5zaW9ucz10c3gmcGFnZUV4dGVuc2lvbn
M9dHMmcGFnZUV4dGVuc2lvbnM9anN4JnBhZ2VFeHRlbnNpb25zPWpzJmJ
hc2VQYXRoPSZhc3NldFByZWZpeD0mbmV4dENvbmZpZ091dHB1dD0mcHJl
ZmVycmVkUmVnaW9uPSZtaWRkbGV3YXJlQ29uZmlnPWUzMCUzRCE%3D&ne
xtConfig=eyJlbnYiOnt9LCJlc2xpbnQiOnsiaWdub3JlRHVyaW5nQnVp
bGRzIjp0cnVlfSwidHlwZXNjcmlwdCI6eyJpZ25vcmVCdWlsZEVycm9yc
yI6dHJ1ZSwidHNjb25maWdQYXRoIjoidHNjb25maWcuanNvbiJ9LCJkaX
N0RGlyIjoiLm5leHQiLCJjbGVhbkRpc3REaXIiOnRydWUsImFzc2V0UHJ
lZml4IjoiIiwiY2FjaGVNYXhNZW1vcnlTaXplIjo1MjQyODgwMCwiY29u
ZmlnT3JpZ2luIjoibmV4dC5jb25maWcuanMiLCJ1c2VGaWxlU3lzdGVtU
HVibGljUm91dGVzIjp0cnVlLCJnZW5lcmF0ZUV0YWdzIjp0cnVlLCJwYW
dlRXh0ZW5zaW9ucyI6WyJ0c3giLCJ0cyIsImpzeCIsImpzIl0sInBvd2V
yZWRCeUhlYWRlciI6dHJ1ZSwiY29tcHJlc3MiOnRydWUsImltYWdlcyI6
eyJkZXZpY2VTaXplcyI6WzY0MCw3NTAsODI4LDEwODAsMTIwMCwxOTIwL
DIwNDgsMzg0MF0sImltYWdlU2l6ZXMiOlsxNiwzMiw0OCw2NCw5NiwxMj
gsMjU2LDM4NF0sInBhdGgiOiIvX25leHQvaW1hZ2UiLCJsb2FkZXIiOiJ
kZWZhdWx0IiwibG9hZGVyRmlsZSI6IiIsImRvbWFpbnMiOltdLCJkaXNh
YmxlU3RhdGljSW1hZ2VzIjpmYWxzZSwibWluaW11bUNhY2hlVFRMIjo2M
CwiZm9ybWF0cyI6WyJpbWFnZS93ZWJwIl0sImRhbmdlcm91c2x5QWxsb3
dTVkciOmZhbHNlLCJjb250ZW50U2VjdXJpdHlQb2xpY3kiOiJzY3JpcHQ
tc3JjICdub25lJzsgZnJhbWUtc3JjICdub25lJzsgc2FuZGJveDsiLCJj
b250ZW50RGlzcG9zaXRpb25UeXBlIjoiYXR0YWNobWVudCIsInJlbW90Z
VBhdHRlcm5zIjpbeyJwcm90b2NvbCI6Imh0dHBzIiwiaG9zdG5hbWUiOi
IqKi5maXJlYmFzZWFwcC5jb20ifSx7InByb3RvY29sIjoiaHR0cHMiLCJ
ob3N0bmFtZSI6IioqLmdvb2dsZWFwaXMuY29tIn0seyJwcm90b2NvbCI6
Imh0dHBzIiwiaG9zdG5hbWUiOiJ3c3J2Lm5sIn1dLCJ1bm9wdGltaXplZ
CI6ZmFsc2V9LCJkZXZJbmRpY2F0b3JzIjp7ImFwcElzclN0YXR1cyI6dH
J1ZSwiYnVpbGRBY3Rpdml0eSI6dHJ1ZSwiYnVpbGRBY3Rpdml0eVBvc2l
0aW9uIjoiYm90dG9tLXJpZ2h0In0sIm9uRGVtYW5kRW50cmllcyI6eyJt
YXhJbmFjdGl2ZUFnZSI6NjAwMDAsInBhZ2VzQnVmZmVyTGVuZ3RoIjo1f
SwiYW1wIjp7ImNhbm9uaWNhbEJhc2UiOiIifSwiYmFzZVBhdGgiOiIiLC
JzYXNzT3B0aW9ucyI6e30sInRyYWlsaW5nU2xhc2giOmZhbHNlLCJpMTh
uIjpudWxsLCJwcm9kdWN0aW9uQnJvd3NlclNvdXJjZU1hcHMiOmZhbHNl
LCJleGNsdWRlRGVmYXVsdE1vbWVudExvY2FsZXMiOnRydWUsInNlcnZlc
lJ1bnRpbWVDb25maWciOnt9LCJwdWJsaWNSdW50aW1lQ29uZmlnIjp7fS
wicmVhY3RQcm9kdWN0aW9uUHJvZmlsaW5nIjpmYWxzZSwicmVhY3RTdHJ
pY3RNb2RlIjpudWxsLCJyZWFjdE1heEhlYWRlcnNMZW5ndGgiOjYwMDAs
Imh0dHBBZ2VudE9wdGlvbnMiOnsia2VlcEFsaXZlIjp0cnVlfSwibG9nZ
2luZyI6e30sImV4cGlyZVRpbWUiOjMxNTM2MDAwLCJzdGF0aWNQYWdlR2
VuZXJhdGlvblRpbWVvdXQiOjYwLCJtb2R1bGFyaXplSW1wb3J0cyI6eyJ
AbXVpL2ljb25zLW1hdGVyaWFsIjp7InRyYW5zZm9ybSI6IkBtdWkvaWNv
bnMtbWF0ZXJpYWwve3ttZW1iZXJ9fSJ9LCJsb2Rhc2giOnsidHJhbnNmb
3JtIjoibG9kYXNoL3t7bWVtYmVyfX0ifX0sIm91dHB1dEZpbGVUcmFjaW
5nUm9vdCI6IkM6XFxrLXNwaXJpdHMtY2x1Yi1odWIiLCJleHBlcmltZW5
0YWwiOnsiY2FjaGVMaWZlIjp7ImRlZmF1bHQiOnsic3RhbGUiOjMwMCwi
cmV2YWxpZGF0ZSI6OTAwLCJleHBpcmUiOjQyOTQ5NjcyOTR9LCJzZWNvb
mRzIjp7InN0YWxlIjowLCJyZXZhbGlkYXRlIjoxLCJleHBpcmUiOjYwfS
wibWludXRlcyI6eyJzdGFsZSI6MzAwLCJyZXZhbGlkYXRlIjo2MCwiZXh
waXJlIjozNjAwfSwiaG91cnMiOnsic3RhbGUiOjMwMCwicmV2YWxpZGF0
ZSI6MzYwMCwiZXhwaXJlIjo4NjQwMH0sImRheXMiOnsic3RhbGUiOjMwM
CwicmV2YWxpZGF0ZSI6ODY0MDAsImV4cGlyZSI6NjA0ODAwfSwid2Vla3
MiOnsic3RhbGUiOjMwMCwicmV2YWxpZGF0ZSI6NjA0ODAwLCJleHBpcmU
iOjI1OTIwMDB9LCJtYXgiOnsic3RhbGUiOjMwMCwicmV2YWxpZGF0ZSI6
MjU5MjAwMCwiZXhwaXJlIjo0Mjk0OTY3Mjk0fX0sImNhY2hlSGFuZGxlc
nMiOnt9LCJjc3NDaHVua2luZyI6dHJ1ZSwibXVsdGlab25lRHJhZnRNb2
RlIjpmYWxzZSwiYXBwTmF2RmFpbEhhbmRsaW5nIjpmYWxzZSwicHJlcmV
uZGVyRWFybHlFeGl0Ijp0cnVlLCJzZXJ2ZXJNaW5pZmljYXRpb24iOnRy
dWUsInNlcnZlclNvdXJjZU1hcHMiOmZhbHNlLCJsaW5rTm9Ub3VjaFN0Y
XJ0IjpmYWxzZSwiY2FzZVNlbnNpdGl2ZVJvdXRlcyI6ZmFsc2UsImNsaW
VudFNlZ21lbnRDYWNoZSI6ZmFsc2UsInByZWxvYWRFbnRyaWVzT25TdGF
ydCI6dHJ1ZSwiY2xpZW50Um91dGVyRmlsdGVyIjp0cnVlLCJjbGllbnRS
b3V0ZXJGaWx0ZXJSZWRpcmVjdHMiOmZhbHNlLCJmZXRjaENhY2hlS2V5U
HJlZml4IjoiIiwibWlkZGxld2FyZVByZWZldGNoIjoiZmxleGlibGUiLC
JvcHRpbWlzdGljQ2xpZW50Q2FjaGUiOnRydWUsIm1hbnVhbENsaWVudEJ
hc2VQYXRoIjpmYWxzZSwiY3B1cyI6MTEsIm1lbW9yeUJhc2VkV29ya2Vy
c0NvdW50IjpmYWxzZSwiaW1nT3B0Q29uY3VycmVuY3kiOm51bGwsImltZ
09wdFRpbWVvdXRJblNlY29uZHMiOjcsImltZ09wdE1heElucHV0UGl4ZW
xzIjoyNjg0MDI2ODksImltZ09wdFNlcXVlbnRpYWxSZWFkIjpudWxsLCJ
pc3JGbHVzaFRvRGlzayI6dHJ1ZSwid29ya2VyVGhyZWFkcyI6ZmFsc2Us
Im9wdGltaXplQ3NzIjpmYWxzZSwibmV4dFNjcmlwdFdvcmtlcnMiOmZhb
HNlLCJzY3JvbGxSZXN0b3JhdGlvbiI6ZmFsc2UsImV4dGVybmFsRGlyIj
pmYWxzZSwiZGlzYWJsZU9wdGltaXplZExvYWRpbmciOmZhbHNlLCJneml
wU2l6ZSI6dHJ1ZSwiY3JhQ29tcGF0IjpmYWxzZSwiZXNtRXh0ZXJuYWxz
Ijp0cnVlLCJmdWxseVNwZWNpZmllZCI6ZmFsc2UsInN3Y1RyYWNlUHJvZ
mlsaW5nIjpmYWxzZSwiZm9yY2VTd2NUcmFuc2Zvcm1zIjpmYWxzZSwibG
FyZ2VQYWdlRGF0YUJ5dGVzIjoxMjgwMDAsInR1cmJvIjp7InJvb3QiOiJ
DOlxcay1zcGlyaXRzLWNsdWItaHViIn0sInR5cGVkUm91dGVzIjpmYWxz
ZSwidHlwZWRFbnYiOmZhbHNlLCJwYXJhbGxlbFNlcnZlckNvbXBpbGVzI
jpmYWxzZSwicGFyYWxsZWxTZXJ2ZXJCdWlsZFRyYWNlcyI6ZmFsc2UsIn
BwciI6ZmFsc2UsImF1dGhJbnRlcnJ1cHRzIjpmYWxzZSwicmVhY3RPd25
lclN0YWNrIjpmYWxzZSwid2VicGFja01lbW9yeU9wdGltaXphdGlvbnMi
OmZhbHNlLCJvcHRpbWl6ZVNlcnZlclJlYWN0Ijp0cnVlLCJ1c2VFYXJse
UltcG9ydCI6ZmFsc2UsInN0YWxlVGltZXMiOnsiZHluYW1pYyI6MCwic3
RhdGljIjozMDB9LCJzZXJ2ZXJDb21wb25lbnRzSG1yQ2FjaGUiOnRydWU
sInN0YXRpY0dlbmVyYXRpb25NYXhDb25jdXJyZW5jeSI6OCwic3RhdGlj
R2VuZXJhdGlvbk1pblBhZ2VzUGVyV29ya2VyIjoyNSwiZHluYW1pY0lPI
jpmYWxzZSwiaW5saW5lQ3NzIjpmYWxzZSwib3B0aW1pemVQYWNrYWdlSW
1wb3J0cyI6WyJAL2xpYi9jb25zdGFudHMiLCJsdWNpZGUtcmVhY3QiLCJ
kYXRlLWZucyIsImxvZGFzaC1lcyIsInJhbWRhIiwiYW50ZCIsInJlYWN0
LWJvb3RzdHJhcCIsImFob29rcyIsIkBhbnQtZGVzaWduL2ljb25zIiwiQ
GhlYWRsZXNzdWkvcmVhY3QiLCJAaGVhZGxlc3N1aS1mbG9hdC9yZWFjdC
IsIkBoZXJvaWNvbnMvcmVhY3QvMjAvc29saWQiLCJAaGVyb2ljb25zL3J
lYWN0LzI0L3NvbGlkIiwiQGhlcm9pY29ucy9yZWFjdC8yNC9vdXRsaW5l
IiwiQHZpc3gvdmlzeCIsIkB0cmVtb3IvcmVhY3QiLCJyeGpzIiwiQG11a
S9tYXRlcmlhbCIsIkBtdWkvaWNvbnMtbWF0ZXJpYWwiLCJyZWNoYXJ0cy
IsInJlYWN0LXVzZSIsImVmZmVjdCIsIkBlZmZlY3Qvc2NoZW1hIiwiQGV
mZmVjdC9wbGF0Zm9ybSIsIkBlZmZlY3QvcGxhdGZvcm0tbm9kZSIsIkBl
ZmZlY3QvcGxhdGZvcm0tYnJvd3NlciIsIkBlZmZlY3QvcGxhdGZvcm0tY
nVuIiwiQGVmZmVjdC9zcWwiLCJAZWZmZWN0L3NxbC1tc3NxbCIsIkBlZm
ZlY3Qvc3FsLW15c3FsMiIsIkBlZmZlY3Qvc3FsLXBnIiwiQGVmZmVjdC9
zcWwtc3F1bGl0ZS1ub2RlIiwiQGVmZmVjdC9zcWwtc3F1bGl0ZS1idW4i
LCJAZWZmZWN0L3NxbC1zcXVsaXRlLXdhc20iLCJAZWZmZWN0L3NxbC1zc
XVsaXRlLXJlYWN0LW5hdGl2ZSIsIkBlZmZlY3QvcnBjIiwiQGVmZmVjdC
9ycGMtaHR0cCIsIkBlZmZlY3QvdHlwZWNsYXNzIiwiQGVmZmVjdC9leHB
lcmltZW50YWwiLCJAZWZmZWN0L29wZW50ZWxlbWV0cnkiLCJAbWF0ZXJp
YWwtdWkvY29yZSIsIkBtYXRlcmlhbC11aS9pY29ucyIsIkB0YWJsZXIva
WNvbnMtcmVhY3QiLCJtdWktY29yZSIsInJlYWN0LWljb25zL2FpIiwicm
VhY3QtaWNvbnMvYmkiLCJyZWFjdC1pY29ucy9icyIsInJlYWN0LWljb25
zL2NnIiwicmVhY3QtaWNvbnMvY2kiLCJyZWFjdC1pY29ucy9kaSIsInJl
YWN0LWljb25zL2ZhIiwicmVhY3QtaWNvbnMvZmE2IiwicmVhY3QtaWNvb
nMvZmMiLCJyZWFjdC1pY29ucy9maSIsInJlYWN0LWljb25zL2dpIiwicm
VhY3QtaWNvbnMvZ28iLCJyZWFjdC1pY29ucy9nciIsInJlYWN0LWljb25
zL2hpIiwicmVhY3QtaWNvbnMvaGkyIiwicmVhY3QtaWNvbnMvaW0iLCJy
ZWFjdC1pY29ucy9pbyIsInJlYWN0LWljb25zL2lvNSIsInJlYWN0LWljb
25zL2xpYSIsInJlYWN0LWljb25zL2xpYiIsInJlYWN0LWljb25zL2x1Ii
wicmVhY3QtaWNvbnMvbWQiLCJyZWFjdC1pY29ucy9waSIsInJlYWN0LWl
jb25zL3JpIiwicmVhY3QtaWNvbnMvcngiLCJyZWFjdC1pY29ucy9zaSIs
InJlYWN0LWljb25zL3NsIiwicmVhY3QtaWNvbnMvdGIiLCJyZWFjdC1pY
29ucy90ZmkiLCJyZWFjdC1pY29ucy90aSIsInJlYWN0LWljb25zL3ZzYy
IsInJlYWN0LWljb25zL3dpIl19LCJidW5kbGVQYWdlc1JvdXRlckRlcGV
uZGVuY2llcyI6ZmFsc2UsImNvbmZpZ0ZpbGUiOiJDOlxcay1zcGlyaXRz
LWNsdWItaHViXFxuZXh0LmNvbmZpZy5qcyIsImNvbmZpZ0ZpbGVOYW1lI
joibmV4dC5jb25maWcuanMiLCJfb3JpZ2luYWxSZWRpcmVjdHMiOlt7In
NvdXJjZSI6Ii9leHBsb3JlIiwiZGVzdGluYXRpb24iOiIva28vZXhwbG9
yZSIsInBlcm1hbmVudCI6dHJ1ZX0seyJzb3VyY2UiOiIvc3Bpcml0cy86
cGF0aCoiLCJkZXN0aW5hdGlvbiI6Ii9rby9zcGlyaXRzLzpwYXRoKiIsI
nBlcm1hbmVudCI6dHJ1ZX0seyJzb3VyY2UiOiIvbWUvOnBhdGgqIiwiZG
VzdGluYXRpb24iOiIva28vbWUvOnBhdGgqIiwicGVybWFuZW50Ijp0cnV
lfSx7InNvdXJjZSI6Ii9jYWJpbmV0IiwiZGVzdGluYXRpb24iOiIva28v
Y2FiaW5ldCIsInBlcm1hbmVudCI6dHJ1ZX0seyJzb3VyY2UiOiIvY29ud
GVudHMvOnBhdGgqIiwiZGVzdGluYXRpb24iOiIva28vY29udGVudHMvOn
BhdGgqIiwicGVybWFuZW50Ijp0cnVlfSx7InNvdXJjZSI6Ii9yZXZpZXd
zIiwiZGVzdGluYXRpb24iOiIva28vY29udGVudHMvcmV2aWV3cyIsInBl
cm1hbmVudCI6dHJ1ZX0seyJzb3VyY2UiOiIvd29ybGRjdXAiLCJkZXN0a
W5hdGlvbiI6Ii9rby9jb250ZW50cy93b3JsZGN1cCIsInBlcm1hbmVudC
I6dHJ1ZX0seyJzb3VyY2UiOiIvcGVyZmVjdC1wb3VyIiwiZGVzdGluYXR
pb24iOiIva28vY29udGVudHMvcGVyZmVjdC1wb3VyIiwicGVybWFuZW50
Ijp0cnVlfV19&preferredRegion=&middlewareConfig=e30%3D!

./app/api/test-cache-sync/route.ts:2:1
Module not found: Can't resolve '@/lib/db/firestore-rest'
  1 | import { NextResponse } from 'next/server';
> 2 | import { newArrivalsDb } from '@/lib/db/firestore-r
est';
    | ^
  3 |
  4 | export const runtime = 'edge';
  5 |

https://nextjs.org/docs/messages/module-not-found

Import trace for requested module:
./node_modules/next/dist/build/webpack/loaders/next-edge-
app-route-loader/index.js?absolutePagePath=private-next-a
pp-dir%2Fapi%2Ftest-cache-sync%2Froute.ts&page=%2Fapi%2Ft
est-cache-sync%2Froute&appDirLoader=bmV4dC1hcHAtbG9hZGVyP
25hbWU9YXBwJTJGYXBpJTJGdGVzdC1jYWNoZS1zeW5jJTJGcm91dGUmcG
FnZT0lMkZhcGklMkZ0ZXN0LWNhY2hlLXN5bmMlMkZyb3V0ZSZwYWdlUGF
0aD1wcml2YXRlLW5leHQtYXBwLWRpciUyRmFwaSUyRnRlc3QtY2FjaGUt
c3luYyUyRnJvdXRlLnRzJmFwcERpcj1DJTNBJTVDay1zcGlyaXRzLWNsd
WItaHViJTVDYXBwJmFwcFBhdGhzPSUyRmFwaSUyRnRlc3QtY2FjaGUtc3
luYyUyRnJvdXRlJnBhZ2VFeHRlbnNpb25zPXRzeCZwYWdlRXh0ZW5zaW9
ucz10cyZwYWdlRXh0ZW5zaW9ucz1qc3gmcGFnZUV4dGVuc2lvbnM9anMm
YmFzZVBhdGg9JmFzc2V0UHJlZml4PSZuZXh0Q29uZmlnT3V0cHV0PSZwc
mVmZXJyZWRSZWdpb249Jm1pZGRsZXdhcmVDb25maWc9ZTMwJTNEIQ%3D%
3D&nextConfig=eyJlbnYiOnt9LCJlc2xpbnQiOnsiaWdub3JlRHVyaW5
nQnVpbGRzIjp0cnVlfSwidHlwZXNjcmlwdCI6eyJpZ25vcmVCdWlsZEVy
cm9ycyI6dHJ1ZSwidHNjb25maWdQYXRoIjoidHNjb25maWcuanNvbiJ9L
CJkaXN0RGlyIjoiLm5leHQiLCJjbGVhbkRpc3REaXIiOnRydWUsImFzc2
V0UHJlZml4IjoiIiwiY2FjaGVNYXhNZW1vcnlTaXplIjo1MjQyODgwMCw
iY29uZmlnT3JpZ2luIjoibmV4dC5jb25maWcuanMiLCJ1c2VGaWxlU3lz
dGVtUHVibGljUm91dGVzIjp0cnVlLCJnZW5lcmF0ZUV0YWdzIjp0cnVlL
CJwYWdlRXh0ZW5zaW9ucyI6WyJ0c3giLCJ0cyIsImpzeCIsImpzIl0sIn
Bvd2VyZWRCeUhlYWRlciI6dHJ1ZSwiY29tcHJlc3MiOnRydWUsImltYWd
lcyI6eyJkZXZpY2VTaXplcyI6WzY0MCw3NTAsODI4LDEwODAsMTIwMCwx
OTIwLDIwNDgsMzg0MF0sImltYWdlU2l6ZXMiOlsxNiwzMiw0OCw2NCw5N
iwxMjgsMjU2LDM4NF0sInBhdGgiOiIvX25leHQvaW1hZ2UiLCJsb2FkZX
IiOiJkZWZhdWx0IiwibG9hZGVyRmlsZSI6IiIsImRvbWFpbnMiOltdLCJ
kaXNhYmxlU3RhdGljSW1hZ2VzIjpmYWxzZSwibWluaW11bUNhY2hlVFRM
Ijo2MCwiZm9ybWF0cyI6WyJpbWFnZS93ZWJwIl0sImRhbmdlcm91c2x5Q
Wxsb3dTVkciOmZhbHNlLCJjb250ZW50U2VjdXJpdHlQb2xpY3kiOiJzY3
JpcHQtc3JjICdub25lJzsgZnJhbWUtc3JjICdub25lJzsgc2FuZGJveDs
iLCJjb250ZW50RGlzcG9zaXRpb25UeXBlIjoiYXR0YWNobWVudCIsInJl
bW90ZVBhdHRlcm5zIjpbeyJwcm90b2NvbCI6Imh0dHBzIiwiaG9zdG5hb
WUiOiIqKi5maXJlYmFzZWFwcC5jb20ifSx7InByb3RvY29sIjoiaHR0cH
MiLCJob3N0bmFtZSI6IioqLmdvb2dsZWFwaXMuY29tIn0seyJwcm90b2N
vbCI6Imh0dHBzIiwiaG9zdG5hbWUiOiJ3c3J2Lm5sIn1dLCJ1bm9wdGlt
aXplZCI6ZmFsc2V9LCJkZXZJbmRpY2F0b3JzIjp7ImFwcElzclN0YXR1c
yI6dHJ1ZSwiYnVpbGRBY3Rpdml0eSI6dHJ1ZSwiYnVpbGRBY3Rpdml0eV
Bvc2l0aW9uIjoiYm90dG9tLXJpZ2h0In0sIm9uRGVtYW5kRW50cmllcyI
6eyJtYXhJbmFjdGl2ZUFnZSI6NjAwMDAsInBhZ2VzQnVmZmVyTGVuZ3Ro
Ijo1fSwiYW1wIjp7ImNhbm9uaWNhbEJhc2UiOiIifSwiYmFzZVBhdGgiO
iIiLCJzYXNzT3B0aW9ucyI6e30sInRyYWlsaW5nU2xhc2giOmZhbHNlLC
JpMThuIjpudWxsLCJwcm9kdWN0aW9uQnJvd3NlclNvdXJjZU1hcHMiOmZ
hbHNlLCJleGNsdWRlRGVmYXVsdE1vbWVudExvY2FsZXMiOnRydWUsInNl
cnZlclJ1bnRpbWVDb25maWciOnt9LCJwdWJsaWNSdW50aW1lQ29uZmlnI
jp7fSwicmVhY3RQcm9kdWN0aW9uUHJvZmlsaW5nIjpmYWxzZSwicmVhY3
RTdHJpY3RNb2RlIjpudWxsLCJyZWFjdE1heEhlYWRlcnNMZW5ndGgiOjY
wMDAsImh0dHBBZ2VudE9wdGlvbnMiOnsia2VlcEFsaXZlIjp0cnVlfSwi
bG9nZ2luZyI6e30sImV4cGlyZVRpbWUiOjMxNTM2MDAwLCJzdGF0aWNQY
WdlR2VuZXJhdGlvblRpbWVvdXQiOjYwLCJtb2R1bGFyaXplSW1wb3J0cy
I6eyJAbXVpL2ljb25zLW1hdGVyaWFsIjp7InRyYW5zZm9ybSI6IkBtdWk
vaWNvbnMtbWF0ZXJpYWwve3ttZW1iZXJ9fSJ9LCJsb2Rhc2giOnsidHJh
bnNmb3JtIjoibG9kYXNoL3t7bWVtYmVyfX0ifX0sIm91dHB1dEZpbGVUc
mFjaW5nUm9vdCI6IkM6XFxrLXNwaXJpdHMtY2x1Yi1odWIiLCJleHBlcm
ltZW50YWwiOnsiY2FjaGVMaWZlIjp7ImRlZmF1bHQiOnsic3RhbGUiOjM
wMCwicmV2YWxpZGF0ZSI6OTAwLCJleHBpcmUiOjQyOTQ5NjcyOTR9LCJz
ZWNvbmRzIjp7InN0YWxlIjowLCJyZXZhbGlkYXRlIjoxLCJleHBpcmUiO
jYwfSwibWludXRlcyI6eyJzdGFsZSI6MzAwLCJyZXZhbGlkYXRlIjo2MC
wiZXhwaXJlIjozNjAwfSwiaG91cnMiOnsic3RhbGUiOjMwMCwicmV2YWx
pZGF0ZSI6MzYwMCwiZXhwaXJlIjo4NjQwMH0sImRheXMiOnsic3RhbGUi
OjMwMCwicmV2YWxpZGF0ZSI6ODY0MDAsImV4cGlyZSI6NjA0ODAwfSwid
2Vla3MiOnsic3RhbGUiOjMwMCwicmV2YWxpZGF0ZSI6NjA0ODAwLCJleH
BpcmUiOjI1OTIwMDB9LCJtYXgiOnsic3RhbGUiOjMwMCwicmV2YWxpZGF
0ZSI6MjU5MjAwMCwiZXhwaXJlIjo0Mjk0OTY3Mjk0fX0sImNhY2hlSGFu
ZGxlcnMiOnt9LCJjc3NDaHVua2luZyI6dHJ1ZSwibXVsdGlab25lRHJhZ
nRNb2RlIjpmYWxzZSwiYXBwTmF2RmFpbEhhbmRsaW5nIjpmYWxzZSwicH
JlcmVuZGVyRWFybHlFeGl0Ijp0cnVlLCJzZXJ2ZXJNaW5pZmljYXRpb24
iOnRydWUsInNlcnZlclNvdXJjZU1hcHMiOmZhbHNlLCJsaW5rTm9Ub3Vj
aFN0YXJ0IjpmYWxzZSwiY2FzZVNlbnNpdGl2ZVJvdXRlcyI6ZmFsc2UsI
mNsaWVudFNlZ21lbnRDYWNoZSI6ZmFsc2UsInByZWxvYWRFbnRyaWVzT2
5TdGFydCI6dHJ1ZSwiY2xpZW50Um91dGVyRmlsdGVyIjp0cnVlLCJjbGl
lbnRSb3V0ZXJGaWx0ZXJSZWRpcmVjdHMiOmZhbHNlLCJmZXRjaENhY2hl
S2V5UHJlZml4IjoiIiwibWlkZGxld2FyZVByZWZldGNoIjoiZmxleGlib
GUiLCJvcHRpbWlzdGljQ2xpZW50Q2FjaGUiOnRydWUsIm1hbnVhbENsaW
VudEJhc2VQYXRoIjpmYWxzZSwiY3B1cyI6MTEsIm1lbW9yeUJhc2VkV29
ya2Vyc0NvdW50IjpmYWxzZSwiaW1nT3B0Q29uY3VycmVuY3kiOm51bGws
ImltZ09wdFRpbWVvdXRJblNlY29uZHMiOjcsImltZ09wdE1heElucHV0U
Gl4ZWxzIjoyNjg0MDI2ODksImltZ09wdFNlcXVlbnRpYWxSZWFkIjpudW
xsLCJpc3JGbHVzaFRvRGlzayI6dHJ1ZSwid29ya2VyVGhyZWFkcyI6ZmF
sc2UsIm9wdGltaXplQ3NzIjpmYWxzZSwibmV4dFNjcmlwdFdvcmtlcnMi
OmZhbHNlLCJzY3JvbGxSZXN0b3JhdGlvbiI6ZmFsc2UsImV4dGVybmFsR
GlyIjpmYWxzZSwiZGlzYWJsZU9wdGltaXplZExvYWRpbmciOmZhbHNlLC
JnemlwU2l6ZSI6dHJ1ZSwiY3JhQ29tcGF0IjpmYWxzZSwiZXNtRXh0ZXJ
uYWxzIjp0cnVlLCJmdWxseVNwZWNpZmllZCI6ZmFsc2UsInN3Y1RyYWNl
UHJvZmlsaW5nIjpmYWxzZSwiZm9yY2VTd2NUcmFuc2Zvcm1zIjpmYWxzZ
SwibGFyZ2VQYWdlRGF0YUJ5dGVzIjoxMjgwMDAsInR1cmJvIjp7InJvb3
QiOiJDOlxcay1zcGlyaXRzLWNsdWItaHViIn0sInR5cGVkUm91dGVzIjp
mYWxzZSwidHlwZWRFbnYiOmZhbHNlLCJwYXJhbGxlbFNlcnZlckNvbXBp
bGVzIjpmYWxzZSwicGFyYWxsZWxTZXJ2ZXJCdWlsZFRyYWNlcyI6ZmFsc
2UsInBwciI6ZmFsc2UsImF1dGhJbnRlcnJ1cHRzIjpmYWxzZSwicmVhY3
RPd25lclN0YWNrIjpmYWxzZSwid2VicGFja01lbW9yeU9wdGltaXphdGl
vbnMiOmZhbHNlLCJvcHRpbWl6ZVNlcnZlclJlYWN0Ijp0cnVlLCJ1c2VF
YXJseUltcG9ydCI6ZmFsc2UsInN0YWxlVGltZXMiOnsiZHluYW1pYyI6M
Cwic3RhdGljIjozMDB9LCJzZXJ2ZXJDb21wb25lbnRzSG1yQ2FjaGUiOn
RydWUsInN0YXRpY0dlbmVyYXRpb25NYXhDb25jdXJyZW5jeSI6OCwic3R
hdGljR2VuZXJhdGlvbk1pblBhZ2VzUGVyV29ya2VyIjoyNSwiZHluYW1p
Y0lPIjpmYWxzZSwiaW5saW5lQ3NzIjpmYWxzZSwib3B0aW1pemVQYWNrY
WdlSW1wb3J0cyI6WyJAL2xpYi9jb25zdGFudHMiLCJsdWNpZGUtcmVhY3
QiLCJkYXRlLWZucyIsImxvZGFzaC1lcyIsInJhbWRhIiwiYW50ZCIsInJ
lYWN0LWJvb3RzdHJhcCIsImFob29rcyIsIkBhbnQtZGVzaWduL2ljb25z
IiwiQGhlYWRsZXNzdWkvcmVhY3QiLCJAaGVhZGxlc3N1aS1mbG9hdC9yZ
WFjdCIsIkBoZXJvaWNvbnMvcmVhY3QvMjAvc29saWQiLCJAaGVyb2ljb2
5zL3JlYWN0LzI0L3NvbGlkIiwiQGhlcm9pY29ucy9yZWFjdC8yNC9vdXR
saW5lIiwiQHZpc3gvdmlzeCIsIkB0cmVtb3IvcmVhY3QiLCJyeGpzIiwi
QG11aS9tYXRlcmlhbCIsIkBtdWkvaWNvbnMtbWF0ZXJpYWwiLCJyZWNoY
XJ0cyIsInJlYWN0LXVzZSIsImVmZmVjdCIsIkBlZmZlY3Qvc2NoZW1hIi
wiQGVmZmVjdC9wbGF0Zm9ybSIsIkBlZmZlY3QvcGxhdGZvcm0tbm9kZSI
sIkBlZmZlY3QvcGxhdGZvcm0tYnJvd3NlciIsIkBlZmZlY3QvcGxhdGZv
cm0tYnVuIiwiQGVmZmVjdC9zcWwiLCJAZWZmZWN0L3NxbC1tc3NxbCIsI
kBlZmZlY3Qvc3FsLW15c3FsMiIsIkBlZmZlY3Qvc3FsLXBnIiwiQGVmZm
VjdC9zcWwtc3F1bGl0ZS1ub2RlIiwiQGVmZmVjdC9zcWwtc3F1bGl0ZS1
idW4iLCJAZWZmZWN0L3NxbC1zcXVsaXRlLXdhc20iLCJAZWZmZWN0L3Nx
bC1zcXVsaXRlLXJlYWN0LW5hdGl2ZSIsIkBlZmZlY3QvcnBjIiwiQGVmZ
mVjdC9ycGMtaHR0cCIsIkBlZmZlY3QvdHlwZWNsYXNzIiwiQGVmZmVjdC
9leHBlcmltZW50YWwiLCJAZWZmZWN0L29wZW50ZWxlbWV0cnkiLCJAbWF
0ZXJpYWwtdWkvY29yZSIsIkBtYXRlcmlhbC11aS9pY29ucyIsIkB0YWJs
ZXIvaWNvbnMtcmVhY3QiLCJtdWktY29yZSIsInJlYWN0LWljb25zL2FpI
iwicmVhY3QtaWNvbnMvYmkiLCJyZWFjdC1pY29ucy9icyIsInJlYWN0LW
ljb25zL2NnIiwicmVhY3QtaWNvbnMvY2kiLCJyZWFjdC1pY29ucy9kaSI
sInJlYWN0LWljb25zL2ZhIiwicmVhY3QtaWNvbnMvZmE2IiwicmVhY3Qt
aWNvbnMvZmMiLCJyZWFjdC1pY29ucy9maSIsInJlYWN0LWljb25zL2dpI
iwicmVhY3QtaWNvbnMvZ28iLCJyZWFjdC1pY29ucy9nciIsInJlYWN0LW
ljb25zL2hpIiwicmVhY3QtaWNvbnMvaGkyIiwicmVhY3QtaWNvbnMvaW0
iLCJyZWFjdC1pY29ucy9pbyIsInJlYWN0LWljb25zL2lvNSIsInJlYWN0
LWljb25zL2xpYSIsInJlYWN0LWljb25zL2xpYiIsInJlYWN0LWljb25zL
2x1IiwicmVhY3QtaWNvbnMvbWQiLCJyZWFjdC1pY29ucy9waSIsInJlYW
N0LWljb25zL3JpIiwicmVhY3QtaWNvbnMvcngiLCJyZWFjdC1pY29ucy9
zaSIsInJlYWN0LWljb25zL3NsIiwicmVhY3QtaWNvbnMvdGIiLCJyZWFj
dC1pY29ucy90ZmkiLCJyZWFjdC1pY29ucy90aSIsInJlYWN0LWljb25zL
3ZzYyIsInJlYWN0LWljb25zL3dpIl19LCJidW5kbGVQYWdlc1JvdXRlck
RlcGVuZGVuY2llcyI6ZmFsc2UsImNvbmZpZ0ZpbGUiOiJDOlxcay1zcGl
yaXRzLWNsdWItaHViXFxuZXh0LmNvbmZpZy5qcyIsImNvbmZpZ0ZpbGVO
YW1lIjoibmV4dC5jb25maWcuanMiLCJfb3JpZ2luYWxSZWRpcmVjdHMiO
lt7InNvdXJjZSI6Ii9leHBsb3JlIiwiZGVzdGluYXRpb24iOiIva28vZX
hwbG9yZSIsInBlcm1hbmVudCI6dHJ1ZX0seyJzb3VyY2UiOiIvc3Bpcml
0cy86cGF0aCoiLCJkZXN0aW5hdGlvbiI6Ii9rby9zcGlyaXRzLzpwYXRo
KiIsInBlcm1hbmVudCI6dHJ1ZX0seyJzb3VyY2UiOiIvbWUvOnBhdGgqI
iwiZGVzdGluYXRpb24iOiIva28vbWUvOnBhdGgqIiwicGVybWFuZW50Ij
p0cnVlfSx7InNvdXJjZSI6Ii9jYWJpbmV0IiwiZGVzdGluYXRpb24iOiI
va28vY2FiaW5ldCIsInBlcm1hbmVudCI6dHJ1ZX0seyJzb3VyY2UiOiIv
Y29udGVudHMvOnBhdGgqIiwiZGVzdGluYXRpb24iOiIva28vY29udGVud
HMvOnBhdGgqIiwicGVybWFuZW50Ijp0cnVlfSx7InNvdXJjZSI6Ii9yZX
ZpZXdzIiwiZGVzdGluYXRpb24iOiIva28vY29udGVudHMvcmV2aWV3cyI
sInBlcm1hbmVudCI6dHJ1ZX0seyJzb3VyY2UiOiIvd29ybGRjdXAiLCJk
ZXN0aW5hdGlvbiI6Ii9rby9jb250ZW50cy93b3JsZGN1cCIsInBlcm1hb
mVudCI6dHJ1ZX0seyJzb3VyY2UiOiIvcGVyZmVjdC1wb3VyIiwiZGVzdG
luYXRpb24iOiIva28vY29udGVudHMvcGVyZmVjdC1wb3VyIiwicGVybWF
uZW50Ijp0cnVlfV19&preferredRegion=&middlewareConfig=e30%3
D!

./app/api/trending/list/route.ts:2:1
Module not found: Can't resolve '@/lib/db/firestore-rest'
  1 | import { NextRequest, NextResponse } from 'next/ser
ver';
> 2 | import { trendingDb, spiritsDb } from '@/lib/db/fir
estore-rest';
    | ^
  3 |
  4 | export const runtime = 'edge';
  5 |

https://nextjs.org/docs/messages/module-not-found

Import trace for requested module:
./node_modules/next/dist/build/webpack/loaders/next-edge-
app-route-loader/index.js?absolutePagePath=private-next-a
pp-dir%2Fapi%2Ftrending%2Flist%2Froute.ts&page=%2Fapi%2Ft
rending%2Flist%2Froute&appDirLoader=bmV4dC1hcHAtbG9hZGVyP
25hbWU9YXBwJTJGYXBpJTJGdHJlbmRpbmclMkZsaXN0JTJGcm91dGUmcG
FnZT0lMkZhcGklMkZ0cmVuZGluZyUyRmxpc3QlMkZyb3V0ZSZwYWdlUGF
0aD1wcml2YXRlLW5leHQtYXBwLWRpciUyRmFwaSUyRnRyZW5kaW5nJTJG
bGlzdCUyRnJvdXRlLnRzJmFwcERpcj1DJTNBJTVDay1zcGlyaXRzLWNsd
WItaHViJTVDYXBwJmFwcFBhdGhzPSUyRmFwaSUyRnRyZW5kaW5nJTJGbG
lzdCUyRnJvdXRlJnBhZ2VFeHRlbnNpb25zPXRzeCZwYWdlRXh0ZW5zaW9
ucz10cyZwYWdlRXh0ZW5zaW9ucz1qc3gmcGFnZUV4dGVuc2lvbnM9anMm
YmFzZVBhdGg9JmFzc2V0UHJlZml4PSZuZXh0Q29uZmlnT3V0cHV0PSZwc
mVmZXJyZWRSZWdpb249Jm1pZGRsZXdhcmVDb25maWc9ZTMwJTNEIQ%3D%
3D&nextConfig=eyJlbnYiOnt9LCJlc2xpbnQiOnsiaWdub3JlRHVyaW5
nQnVpbGRzIjp0cnVlfSwidHlwZXNjcmlwdCI6eyJpZ25vcmVCdWlsZEVy
cm9ycyI6dHJ1ZSwidHNjb25maWdQYXRoIjoidHNjb25maWcuanNvbiJ9L
CJkaXN0RGlyIjoiLm5leHQiLCJjbGVhbkRpc3REaXIiOnRydWUsImFzc2
V0UHJlZml4IjoiIiwiY2FjaGVNYXhNZW1vcnlTaXplIjo1MjQyODgwMCw
iY29uZmlnT3JpZ2luIjoibmV4dC5jb25maWcuanMiLCJ1c2VGaWxlU3lz
dGVtUHVibGljUm91dGVzIjp0cnVlLCJnZW5lcmF0ZUV0YWdzIjp0cnVlL
CJwYWdlRXh0ZW5zaW9ucyI6WyJ0c3giLCJ0cyIsImpzeCIsImpzIl0sIn
Bvd2VyZWRCeUhlYWRlciI6dHJ1ZSwiY29tcHJlc3MiOnRydWUsImltYWd
lcyI6eyJkZXZpY2VTaXplcyI6WzY0MCw3NTAsODI4LDEwODAsMTIwMCwx
OTIwLDIwNDgsMzg0MF0sImltYWdlU2l6ZXMiOlsxNiwzMiw0OCw2NCw5N
iwxMjgsMjU2LDM4NF0sInBhdGgiOiIvX25leHQvaW1hZ2UiLCJsb2FkZX
IiOiJkZWZhdWx0IiwibG9hZGVyRmlsZSI6IiIsImRvbWFpbnMiOltdLCJ
kaXNhYmxlU3RhdGljSW1hZ2VzIjpmYWxzZSwibWluaW11bUNhY2hlVFRM
Ijo2MCwiZm9ybWF0cyI6WyJpbWFnZS93ZWJwIl0sImRhbmdlcm91c2x5Q
Wxsb3dTVkciOmZhbHNlLCJjb250ZW50U2VjdXJpdHlQb2xpY3kiOiJzY3
JpcHQtc3JjICdub25lJzsgZnJhbWUtc3JjICdub25lJzsgc2FuZGJveDs
iLCJjb250ZW50RGlzcG9zaXRpb25UeXBlIjoiYXR0YWNobWVudCIsInJl
bW90ZVBhdHRlcm5zIjpbeyJwcm90b2NvbCI6Imh0dHBzIiwiaG9zdG5hb
WUiOiIqKi5maXJlYmFzZWFwcC5jb20ifSx7InByb3RvY29sIjoiaHR0cH
MiLCJob3N0bmFtZSI6IioqLmdvb2dsZWFwaXMuY29tIn0seyJwcm90b2N
vbCI6Imh0dHBzIiwiaG9zdG5hbWUiOiJ3c3J2Lm5sIn1dLCJ1bm9wdGlt
aXplZCI6ZmFsc2V9LCJkZXZJbmRpY2F0b3JzIjp7ImFwcElzclN0YXR1c
yI6dHJ1ZSwiYnVpbGRBY3Rpdml0eSI6dHJ1ZSwiYnVpbGRBY3Rpdml0eV
Bvc2l0aW9uIjoiYm90dG9tLXJpZ2h0In0sIm9uRGVtYW5kRW50cmllcyI
6eyJtYXhJbmFjdGl2ZUFnZSI6NjAwMDAsInBhZ2VzQnVmZmVyTGVuZ3Ro
Ijo1fSwiYW1wIjp7ImNhbm9uaWNhbEJhc2UiOiIifSwiYmFzZVBhdGgiO
iIiLCJzYXNzT3B0aW9ucyI6e30sInRyYWlsaW5nU2xhc2giOmZhbHNlLC
JpMThuIjpudWxsLCJwcm9kdWN0aW9uQnJvd3NlclNvdXJjZU1hcHMiOmZ
hbHNlLCJleGNsdWRlRGVmYXVsdE1vbWVudExvY2FsZXMiOnRydWUsInNl
cnZlclJ1bnRpbWVDb25maWciOnt9LCJwdWJsaWNSdW50aW1lQ29uZmlnI
jp7fSwicmVhY3RQcm9kdWN0aW9uUHJvZmlsaW5nIjpmYWxzZSwicmVhY3
RTdHJpY3RNb2RlIjpudWxsLCJyZWFjdE1heEhlYWRlcnNMZW5ndGgiOjY
wMDAsImh0dHBBZ2VudE9wdGlvbnMiOnsia2VlcEFsaXZlIjp0cnVlfSwi
bG9nZ2luZyI6e30sImV4cGlyZVRpbWUiOjMxNTM2MDAwLCJzdGF0aWNQY
WdlR2VuZXJhdGlvblRpbWVvdXQiOjYwLCJtb2R1bGFyaXplSW1wb3J0cy
I6eyJAbXVpL2ljb25zLW1hdGVyaWFsIjp7InRyYW5zZm9ybSI6IkBtdWk
vaWNvbnMtbWF0ZXJpYWwve3ttZW1iZXJ9fSJ9LCJsb2Rhc2giOnsidHJh
bnNmb3JtIjoibG9kYXNoL3t7bWVtYmVyfX0ifX0sIm91dHB1dEZpbGVUc
mFjaW5nUm9vdCI6IkM6XFxrLXNwaXJpdHMtY2x1Yi1odWIiLCJleHBlcm
ltZW50YWwiOnsiY2FjaGVMaWZlIjp7ImRlZmF1bHQiOnsic3RhbGUiOjM
wMCwicmV2YWxpZGF0ZSI6OTAwLCJleHBpcmUiOjQyOTQ5NjcyOTR9LCJz
ZWNvbmRzIjp7InN0YWxlIjowLCJyZXZhbGlkYXRlIjoxLCJleHBpcmUiO
jYwfSwibWludXRlcyI6eyJzdGFsZSI6MzAwLCJyZXZhbGlkYXRlIjo2MC
wiZXhwaXJlIjozNjAwfSwiaG91cnMiOnsic3RhbGUiOjMwMCwicmV2YWx
pZGF0ZSI6MzYwMCwiZXhwaXJlIjo4NjQwMH0sImRheXMiOnsic3RhbGUi
OjMwMCwicmV2YWxpZGF0ZSI6ODY0MDAsImV4cGlyZSI6NjA0ODAwfSwid
2Vla3MiOnsic3RhbGUiOjMwMCwicmV2YWxpZGF0ZSI6NjA0ODAwLCJleH
BpcmUiOjI1OTIwMDB9LCJtYXgiOnsic3RhbGUiOjMwMCwicmV2YWxpZGF
0ZSI6MjU5MjAwMCwiZXhwaXJlIjo0Mjk0OTY3Mjk0fX0sImNhY2hlSGFu
ZGxlcnMiOnt9LCJjc3NDaHVua2luZyI6dHJ1ZSwibXVsdGlab25lRHJhZ
nRNb2RlIjpmYWxzZSwiYXBwTmF2RmFpbEhhbmRsaW5nIjpmYWxzZSwicH
JlcmVuZGVyRWFybHlFeGl0Ijp0cnVlLCJzZXJ2ZXJNaW5pZmljYXRpb24
iOnRydWUsInNlcnZlclNvdXJjZU1hcHMiOmZhbHNlLCJsaW5rTm9Ub3Vj
aFN0YXJ0IjpmYWxzZSwiY2FzZVNlbnNpdGl2ZVJvdXRlcyI6ZmFsc2UsI
mNsaWVudFNlZ21lbnRDYWNoZSI6ZmFsc2UsInByZWxvYWRFbnRyaWVzT2
5TdGFydCI6dHJ1ZSwiY2xpZW50Um91dGVyRmlsdGVyIjp0cnVlLCJjbGl
lbnRSb3V0ZXJGaWx0ZXJSZWRpcmVjdHMiOmZhbHNlLCJmZXRjaENhY2hl
S2V5UHJlZml4IjoiIiwibWlkZGxld2FyZVByZWZldGNoIjoiZmxleGlib
GUiLCJvcHRpbWlzdGljQ2xpZW50Q2FjaGUiOnRydWUsIm1hbnVhbENsaW
VudEJhc2VQYXRoIjpmYWxzZSwiY3B1cyI6MTEsIm1lbW9yeUJhc2VkV29
ya2Vyc0NvdW50IjpmYWxzZSwiaW1nT3B0Q29uY3VycmVuY3kiOm51bGws
ImltZ09wdFRpbWVvdXRJblNlY29uZHMiOjcsImltZ09wdE1heElucHV0U
Gl4ZWxzIjoyNjg0MDI2ODksImltZ09wdFNlcXVlbnRpYWxSZWFkIjpudW
xsLCJpc3JGbHVzaFRvRGlzayI6dHJ1ZSwid29ya2VyVGhyZWFkcyI6ZmF
sc2UsIm9wdGltaXplQ3NzIjpmYWxzZSwibmV4dFNjcmlwdFdvcmtlcnMi
OmZhbHNlLCJzY3JvbGxSZXN0b3JhdGlvbiI6ZmFsc2UsImV4dGVybmFsR
GlyIjpmYWxzZSwiZGlzYWJsZU9wdGltaXplZExvYWRpbmciOmZhbHNlLC
JnemlwU2l6ZSI6dHJ1ZSwiY3JhQ29tcGF0IjpmYWxzZSwiZXNtRXh0ZXJ
uYWxzIjp0cnVlLCJmdWxseVNwZWNpZmllZCI6ZmFsc2UsInN3Y1RyYWNl
UHJvZmlsaW5nIjpmYWxzZSwiZm9yY2VTd2NUcmFuc2Zvcm1zIjpmYWxzZ
SwibGFyZ2VQYWdlRGF0YUJ5dGVzIjoxMjgwMDAsInR1cmJvIjp7InJvb3
QiOiJDOlxcay1zcGlyaXRzLWNsdWItaHViIn0sInR5cGVkUm91dGVzIjp
mYWxzZSwidHlwZWRFbnYiOmZhbHNlLCJwYXJhbGxlbFNlcnZlckNvbXBp
bGVzIjpmYWxzZSwicGFyYWxsZWxTZXJ2ZXJCdWlsZFRyYWNlcyI6ZmFsc
2UsInBwciI6ZmFsc2UsImF1dGhJbnRlcnJ1cHRzIjpmYWxzZSwicmVhY3
RPd25lclN0YWNrIjpmYWxzZSwid2VicGFja01lbW9yeU9wdGltaXphdGl
vbnMiOmZhbHNlLCJvcHRpbWl6ZVNlcnZlclJlYWN0Ijp0cnVlLCJ1c2VF
YXJseUltcG9ydCI6ZmFsc2UsInN0YWxlVGltZXMiOnsiZHluYW1pYyI6M
Cwic3RhdGljIjozMDB9LCJzZXJ2ZXJDb21wb25lbnRzSG1yQ2FjaGUiOn
RydWUsInN0YXRpY0dlbmVyYXRpb25NYXhDb25jdXJyZW5jeSI6OCwic3R
hdGljR2VuZXJhdGlvbk1pblBhZ2VzUGVyV29ya2VyIjoyNSwiZHluYW1p
Y0lPIjpmYWxzZSwiaW5saW5lQ3NzIjpmYWxzZSwib3B0aW1pemVQYWNrY
WdlSW1wb3J0cyI6WyJAL2xpYi9jb25zdGFudHMiLCJsdWNpZGUtcmVhY3
QiLCJkYXRlLWZucyIsImxvZGFzaC1lcyIsInJhbWRhIiwiYW50ZCIsInJ
lYWN0LWJvb3RzdHJhcCIsImFob29rcyIsIkBhbnQtZGVzaWduL2ljb25z
IiwiQGhlYWRsZXNzdWkvcmVhY3QiLCJAaGVhZGxlc3N1aS1mbG9hdC9yZ
WFjdCIsIkBoZXJvaWNvbnMvcmVhY3QvMjAvc29saWQiLCJAaGVyb2ljb2
5zL3JlYWN0LzI0L3NvbGlkIiwiQGhlcm9pY29ucy9yZWFjdC8yNC9vdXR
saW5lIiwiQHZpc3gvdmlzeCIsIkB0cmVtb3IvcmVhY3QiLCJyeGpzIiwi
QG11aS9tYXRlcmlhbCIsIkBtdWkvaWNvbnMtbWF0ZXJpYWwiLCJyZWNoY
XJ0cyIsInJlYWN0LXVzZSIsImVmZmVjdCIsIkBlZmZlY3Qvc2NoZW1hIi
wiQGVmZmVjdC9wbGF0Zm9ybSIsIkBlZmZlY3QvcGxhdGZvcm0tbm9kZSI
sIkBlZmZlY3QvcGxhdGZvcm0tYnJvd3NlciIsIkBlZmZlY3QvcGxhdGZv
cm0tYnVuIiwiQGVmZmVjdC9zcWwiLCJAZWZmZWN0L3NxbC1tc3NxbCIsI
kBlZmZlY3Qvc3FsLW15c3FsMiIsIkBlZmZlY3Qvc3FsLXBnIiwiQGVmZm
VjdC9zcWwtc3F1bGl0ZS1ub2RlIiwiQGVmZmVjdC9zcWwtc3F1bGl0ZS1
idW4iLCJAZWZmZWN0L3NxbC1zcXVsaXRlLXdhc20iLCJAZWZmZWN0L3Nx
bC1zcXVsaXRlLXJlYWN0LW5hdGl2ZSIsIkBlZmZlY3QvcnBjIiwiQGVmZ
mVjdC9ycGMtaHR0cCIsIkBlZmZlY3QvdHlwZWNsYXNzIiwiQGVmZmVjdC
9leHBlcmltZW50YWwiLCJAZWZmZWN0L29wZW50ZWxlbWV0cnkiLCJAbWF
0ZXJpYWwtdWkvY29yZSIsIkBtYXRlcmlhbC11aS9pY29ucyIsIkB0YWJs
ZXIvaWNvbnMtcmVhY3QiLCJtdWktY29yZSIsInJlYWN0LWljb25zL2FpI
iwicmVhY3QtaWNvbnMvYmkiLCJyZWFjdC1pY29ucy9icyIsInJlYWN0LW
ljb25zL2NnIiwicmVhY3QtaWNvbnMvY2kiLCJyZWFjdC1pY29ucy9kaSI
sInJlYWN0LWljb25zL2ZhIiwicmVhY3QtaWNvbnMvZmE2IiwicmVhY3Qt
aWNvbnMvZmMiLCJyZWFjdC1pY29ucy9maSIsInJlYWN0LWljb25zL2dpI
iwicmVhY3QtaWNvbnMvZ28iLCJyZWFjdC1pY29ucy9nciIsInJlYWN0LW
ljb25zL2hpIiwicmVhY3QtaWNvbnMvaGkyIiwicmVhY3QtaWNvbnMvaW0
iLCJyZWFjdC1pY29ucy9pbyIsInJlYWN0LWljb25zL2lvNSIsInJlYWN0
LWljb25zL2xpYSIsInJlYWN0LWljb25zL2xpYiIsInJlYWN0LWljb25zL
2x1IiwicmVhY3QtaWNvbnMvbWQiLCJyZWFjdC1pY29ucy9waSIsInJlYW
N0LWljb25zL3JpIiwicmVhY3QtaWNvbnMvcngiLCJyZWFjdC1pY29ucy9
zaSIsInJlYWN0LWljb25zL3NsIiwicmVhY3QtaWNvbnMvdGIiLCJyZWFj
dC1pY29ucy90ZmkiLCJyZWFjdC1pY29ucy90aSIsInJlYWN0LWljb25zL
3ZzYyIsInJlYWN0LWljb25zL3dpIl19LCJidW5kbGVQYWdlc1JvdXRlck
RlcGVuZGVuY2llcyI6ZmFsc2UsImNvbmZpZ0ZpbGUiOiJDOlxcay1zcGl
yaXRzLWNsdWItaHViXFxuZXh0LmNvbmZpZy5qcyIsImNvbmZpZ0ZpbGVO
YW1lIjoibmV4dC5jb25maWcuanMiLCJfb3JpZ2luYWxSZWRpcmVjdHMiO
lt7InNvdXJjZSI6Ii9leHBsb3JlIiwiZGVzdGluYXRpb24iOiIva28vZX
hwbG9yZSIsInBlcm1hbmVudCI6dHJ1ZX0seyJzb3VyY2UiOiIvc3Bpcml
0cy86cGF0aCoiLCJkZXN0aW5hdGlvbiI6Ii9rby9zcGlyaXRzLzpwYXRo
KiIsInBlcm1hbmVudCI6dHJ1ZX0seyJzb3VyY2UiOiIvbWUvOnBhdGgqI
iwiZGVzdGluYXRpb24iOiIva28vbWUvOnBhdGgqIiwicGVybWFuZW50Ij
p0cnVlfSx7InNvdXJjZSI6Ii9jYWJpbmV0IiwiZGVzdGluYXRpb24iOiI
va28vY2FiaW5ldCIsInBlcm1hbmVudCI6dHJ1ZX0seyJzb3VyY2UiOiIv
Y29udGVudHMvOnBhdGgqIiwiZGVzdGluYXRpb24iOiIva28vY29udGVud
HMvOnBhdGgqIiwicGVybWFuZW50Ijp0cnVlfSx7InNvdXJjZSI6Ii9yZX
ZpZXdzIiwiZGVzdGluYXRpb24iOiIva28vY29udGVudHMvcmV2aWV3cyI
sInBlcm1hbmVudCI6dHJ1ZX0seyJzb3VyY2UiOiIvd29ybGRjdXAiLCJk
ZXN0aW5hdGlvbiI6Ii9rby9jb250ZW50cy93b3JsZGN1cCIsInBlcm1hb
mVudCI6dHJ1ZX0seyJzb3VyY2UiOiIvcGVyZmVjdC1wb3VyIiwiZGVzdG
luYXRpb24iOiIva28vY29udGVudHMvcGVyZmVjdC1wb3VyIiwicGVybWF
uZW50Ijp0cnVlfV19&preferredRegion=&middlewareConfig=e30%3
D!


> Build failed because of webpack errors
