[dotenv@17.2.3] injecting env (15) from .env -- tip: ?뵍 prevent building .env in docker: https://dotenvx.com/prebuild
??Environment loaded from .env

?곣봺?곣봺?곣봺?곣봺?곣봺?곣봺?곣봺?곣봺?곣봺?곣봺?곣봺?곣봺?곣봺?곣봺?곣봺?곣봺?곣봺?곣봺?곣봺?곣봺?곣봺?곣봺?곣봺???? Testing Admin Sync for: fsk-202500165001
?곣봺?곣봺?곣봺?곣봺?곣봺?곣봺?곣봺?곣봺?곣봺?곣봺?곣봺?곣봺?곣봺?곣봺?곣봺?곣봺?곣봺?곣봺?곣봺?곣봺?곣봺?곣봺?곣봺??
[Firestore] Fetching Spirit Detail: fsk-202500165001
?뱻 Current Rating: 1.5

?랃툘  Simulating Admin update/publish...
[Firestore] Fetching Spirit Detail: fsk-202500165001
node.exe : [bulkUpdateSEOData] Commit failed
: <!DOCTYPE html>
위치 줄:1 문자:1
+ & "C:\Program Files\nodejs/node.exe" "C:\P
rogram Files\nodejs/node_mo ...
+ ~~~~~~~~~~~~~~~~~~~~~~~~~~~~~~~~~~~~~~~~~~
~~~~~~~~~~~~~~~~~~~~~~~~~~~
    + CategoryInfo          : NotSpecified: 
    ([bulkUpdateSEOD...<!DOCTYPE html>:Str  
  ing) [], RemoteException
    + FullyQualifiedErrorId : NativeCommand 
   Error
 
<html lang=en>
  <meta charset=utf-8>
  <meta name=viewport content="initial-scale
=1, minimum-scale=1, width=device-width">
  <title>Error 404 (Not Found)!!1</title>
  <style>
    *{margin:0;padding:0}html,code{font:15px
/22px arial,sans-serif}html{background:#fff;
color:#222;padding:15px}body{margin:7% auto 
0;max-width:390px;min-height:180px;padding:3
0px 0 15px}* > body{background:url(//www.goo
gle.com/images/errors/robot.png) 100% 5px no
-repeat;padding-right:205px}p{margin:11px 0 
22px;overflow:hidden}ins{color:#777;text-dec
oration:none}a img{border:0}@media screen an
d (max-width:772px){body{background:none;mar
gin-top:0;max-width:none;padding-right:0}}#l
ogo{background:url(//www.google.com/images/b
randing/googlelogo/1x/googlelogo_color_150x5
4dp.png) no-repeat;margin-left:-5px}@media o
nly screen and (min-resolution:192dpi){#logo
{background:url(//www.google.com/images/bran
ding/googlelogo/2x/googlelogo_color_150x54dp
.png) no-repeat 0% 0%/100% 100%;-moz-border-
image:url(//www.google.com/images/branding/g
ooglelogo/2x/googlelogo_color_150x54dp.png) 
0}}@media only screen and (-webkit-min-devic
e-pixel-ratio:2){#logo{background:url(//www.
google.com/images/branding/googlelogo/2x/goo
glelogo_color_150x54dp.png) no-repeat;-webki
t-background-size:100% 100%}}#logo{display:i
nline-block;height:54px;width:150px}
  </style>
  <a href=//www.google.com/><span id=logo ar
ia-label=Google></span></a>
  <p><b>404.</b> <ins>That?셲 an error.</ins>
  <p>The requested URL <code>/v1/projects/k-
spirits-club/databases/(default):commit</cod
e> was not found on this server.  <ins>That?
셲 all we know.</ins>


??Fatal Error during test: Error: Bulk updat
e failed: 404 <!DOCTYPE html>
<html lang=en>
  <meta charset=utf-8>
  <meta name=viewport content="initial-scale
=1, minimum-scale=1, width=device-width">
  <title>Error 404 (Not Found)!!1</title>
  <style>
    *{margin:0;padding:0}html,code{font:15px
/22px arial,sans-serif}html{background:#fff;
color:#222;padding:15px}body{margin:7% auto 
0;max-width:390px;min-height:180px;padding:3
0px 0 15px}* > body{background:url(//www.goo
gle.com/images/errors/robot.png) 100% 5px no
-repeat;padding-right:205px}p{margin:11px 0 
22px;overflow:hidden}ins{color:#777;text-dec
oration:none}a img{border:0}@media screen an
d (max-width:772px){body{background:none;mar
gin-top:0;max-width:none;padding-right:0}}#l
ogo{background:url(//www.google.com/images/b
randing/googlelogo/1x/googlelogo_color_150x5
4dp.png) no-repeat;margin-left:-5px}@media o
nly screen and (min-resolution:192dpi){#logo
{background:url(//www.google.com/images/bran
ding/googlelogo/2x/googlelogo_color_150x54dp
.png) no-repeat 0% 0%/100% 100%;-moz-border-
image:url(//www.google.com/images/branding/g
ooglelogo/2x/googlelogo_color_150x54dp.png) 
0}}@media only screen and (-webkit-min-devic
e-pixel-ratio:2){#logo{background:url(//www.
google.com/images/branding/googlelogo/2x/goo
glelogo_color_150x54dp.png) no-repeat;-webki
t-background-size:100% 100%}}#logo{display:i
nline-block;height:54px;width:150px}
  </style>
  <a href=//www.google.com/><span id=logo ar
ia-label=Google></span></a>
  <p><b>404.</b> <ins>That?셲 an error.</ins>
  <p>The requested URL <code>/v1/projects/k-
spirits-club/databases/(default):commit</cod
e> was not found on this server.  <ins>That?
셲 all we know.</ins>

    at Object.bulkUpdateSEOData (C:\k-spirit
s-club-hub\lib\db\firestore-rest.ts:1180:19)
    at process.processTicksAndRejections (no
de:internal/process/task_queues:103:5)
    at async Object.updateSpirit (C:\k-spiri
ts-club-hub\lib\db\index.ts:234:7)
    at async testAdminSync (C:\k-spirits-clu
b-hub\scripts\test-admin-sync.ts:24:5)
